ok          24ms HIT  https://gesherfilmfund.org.il/
ok          24ms HIT  https://gesherfilmfund.org.il/Page/43/
ok          60ms HIT  https://gesherfilmfund.org.il/Page/1/
ok          68ms HIT  https://gesherfilmfund.org.il/Page/15/
ok          69ms HIT  https://gesherfilmfund.org.il/Page/42/
ok          49ms HIT  https://gesherfilmfund.org.il/Page/45/
ok          33ms HIT  https://gesherfilmfund.org.il/Page/52/
ok         114ms MISS https://gesherfilmfund.org.il/Page/14/
ok          45ms HIT  https://gesherfilmfund.org.il/Catalog/
ok          25ms HIT  https://gesherfilmfund.org.il/Page/39/
ok          30ms HIT  https://gesherfilmfund.org.il/Page/4/
FILE       61623B https://gesherfilmfund.org.il/documents/%D7%AA%D7%A0%D7%90%D7%99%20%D7%A9%D7%99%D7%9E%D7%95%D7%A9%20%D7%95%D7%9E%D7%93%D7%99%D7%A0%D7%99%D7%95%D7%AA%20%D7%A4%D7%A8%D7%98%D7%99%D7%95%D7%AA%20%D7%90%D7%AA%D7%A8%20%D7%A7%D7%A8%D7%9F%20%D7%92%D7%A9%D7%A8%20%D7%9C%D7%A7%D7%95%D7%9C%D7%A0%D7%95%D7%A2%20%D7%A8%D7%91%20%D7%AA%D7%A8%D7%91%D7%95%D7%AA%D7%99.pdf
FILE       61623B https://gesherfilmfund.org.il/documents/תנאי%20שימוש%20ומדיניות%20פרטיות%20אתר%20קרן%20גשר%20לקולנוע%20רב%20תרבותי.pdf
FILE      184574B https://gesherfilmfund.org.il/documents/%D7%9B%D7%9C%D7%9C%D7%99%D7%9D%20%D7%95%D7%A0%D7%94%D7%9C%D7%99%D7%9D%20%D7%9C%D7%94%D7%92%D7%A9%D7%AA%20%D7%94%D7%A6%D7%A2%D7%95%D7%AA%20%D7%9C%D7%94%D7%A9%D7%A7%D7%A2%D7%94%202024.pdf
FILE      721009B https://gesherfilmfund.org.il/documents/%D7%93%D7%95%D7%97%20%D7%9B%D7%A1%D7%A4%D7%99%20%D7%9E%D7%91%D7%95%D7%A7%D7%A8%20%D7%9C%D7%A9%D7%A0%D7%AA%202022-%D7%A7%D7%A8%D7%9F%20%D7%92%D7%A9%D7%A8.pdf
FILE      722859B https://gesherfilmfund.org.il/documents/%D7%93%D7%95%D7%97%D7%95%D7%AA%20%D7%9B%D7%A1%D7%A4%D7%99%D7%99%D7%9D%20%D7%9C%D7%A9%D7%A0%D7%AA%202023.pdf
FILE     1961937B https://gesherfilmfund.org.il/documents/%D7%93%D7%95%D7%97%D7%95%D7%AA%20%D7%9B%D7%A1%D7%A4%D7%99%D7%99%D7%9D%20%D7%97%D7%AA%D7%95%D7%9E%D7%99%D7%9D%202020.pdf
FILE      784549B https://gesherfilmfund.org.il/documents/%D7%93%D7%95%D7%97%D7%95%D7%AA%20%D7%9B%D7%A1%D7%A4%D7%99%D7%99%D7%9D%20%D7%97%D7%AA%D7%95%D7%9E%D7%99%D7%9D%202018.pdf
FILE     1790330B https://gesherfilmfund.org.il/documents/%D7%93%D7%95%D7%97%D7%95%D7%AA%20%D7%9B%D7%A1%D7%A4%D7%99%D7%99%D7%9D%20%D7%97%D7%AA%D7%95%D7%9E%D7%99%D7%9D%202019.pdf
FILE     1961937B https://gesherfilmfund.org.il/documents/דוחות%20כספיים%20חתומים%202020.pdf
FILE     1790330B https://gesherfilmfund.org.il/documents/דוחות%20כספיים%20חתומים%202019.pdf
FILE      784549B https://gesherfilmfund.org.il/documents/דוחות%20כספיים%20חתומים%202018.pdf
FILE     1359223B https://gesherfilmfund.org.il/documents/%D7%93%D7%95%D7%97%D7%95%D7%AA%20%D7%9B%D7%A1%D7%A4%D7%99%D7%99%D7%9D%20%D7%97%D7%AA%D7%95%D7%9E%D7%99%D7%9D%202017.pdf
FILE     1359223B https://gesherfilmfund.org.il/documents/דוחות%20כספיים%20חתומים%202017.pdf
FILE     2876960B https://gesherfilmfund.org.il/documents/%D7%93%D7%95%D7%97%D7%95%D7%AA%20%D7%9B%D7%A1%D7%A4%D7%99%D7%99%D7%9D%20%D7%97%D7%AA%D7%95%D7%9E%D7%99%D7%9D%202016.pdf
FILE      482927B https://gesherfilmfund.org.il/documents/%D7%A7%D7%A8%D7%9F%20%D7%92%D7%A9%D7%A8-%D7%93%D7%95%D7%97%20%D7%9B%D7%A1%D7%A4%D7%99%202021.pdf
FILE       34444B https://gesherfilmfund.org.il/documents/%d7%a8%d7%a9%d7%99%d7%9e%d7%aa%20%d7%a4%d7%a8%d7%95%d7%99%d7%99%d7%a7%d7%98%d7%99%d7%9d%202025%20%d7%9c%d7%90%d7%aa%d7%a8%20%d7%94%d7%a7%d7%a8%d7%9f.pdf
FILE      120764B https://gesherfilmfund.org.il/documents/%d7%a8%d7%a9%d7%99%d7%9e%d7%aa%20%d7%a4%d7%a8%d7%95%d7%99%d7%99%d7%a7%d7%98%d7%99%d7%9d%202024%20%d7%9c%d7%90%d7%aa%d7%a8.pdf
FILE       84167B https://gesherfilmfund.org.il/documents/%d7%a8%d7%a9%d7%99%d7%9e%d7%aa%20%d7%a4%d7%a8%d7%95%d7%99%d7%99%d7%a7%d7%98%d7%99%d7%9d%202023%20%d7%9c%d7%90%d7%aa%d7%a8.pdf
FILE      141067B https://gesherfilmfund.org.il/documents/%d7%a8%d7%a9%d7%99%d7%9e%d7%aa%20%d7%a4%d7%a8%d7%95%d7%99%d7%99%d7%a7%d7%98%d7%99%d7%9d%202022%20%d7%9c%d7%90%d7%aa%d7%a8%20%d7%9e%d7%a2%d7%95%d7%93%d7%9b%d7%9f.pdf
FILE     2329084B https://gesherfilmfund.org.il/documents/דוחות%20כספיים%20חתומים%202015.pdf
FILE     2329084B https://gesherfilmfund.org.il/documents/%D7%93%D7%95%D7%97%D7%95%D7%AA%20%D7%9B%D7%A1%D7%A4%D7%99%D7%99%D7%9D%20%D7%97%D7%AA%D7%95%D7%9E%D7%99%D7%9D%202015.pdf
FILE       75629B https://gesherfilmfund.org.il/documents/%d7%a7%d7%a8%d7%9f%20%d7%92%d7%a9%d7%a8-%d7%a4%d7%a8%d7%95%d7%99%d7%99%d7%a7%d7%98%d7%99%d7%9d%202021.pdf
FILE       74077B https://gesherfilmfund.org.il/documents/%d7%a7%d7%a8%d7%9f%20%d7%92%d7%a9%d7%a8-%d7%a4%d7%a8%d7%95%d7%99%d7%99%d7%a7%d7%98%d7%99%d7%9d%202020.pdf
FILE       78940B https://gesherfilmfund.org.il/documents/%d7%a7%d7%a8%d7%9f%20%d7%92%d7%a9%d7%a8-%d7%a4%d7%a8%d7%95%d7%99%d7%99%d7%a7%d7%98%d7%99%d7%9d%202019.pdf
FILE       71025B https://gesherfilmfund.org.il/documents/%d7%a7%d7%a8%d7%9f%20%d7%92%d7%a9%d7%a8-%d7%a4%d7%a8%d7%95%d7%99%d7%99%d7%a7%d7%98%d7%99%d7%9d%202018.pdf
FILE       74417B https://gesherfilmfund.org.il/documents/%d7%a7%d7%a8%d7%9f%20%d7%92%d7%a9%d7%a8-%d7%a4%d7%a8%d7%95%d7%99%d7%99%d7%a7%d7%98%d7%99%d7%9d%202017.pdf
FILE       64864B https://gesherfilmfund.org.il/documents/%d7%a7%d7%a8%d7%9f%20%d7%92%d7%a9%d7%a8-%d7%a4%d7%a8%d7%95%d7%99%d7%99%d7%a7%d7%98%d7%99%d7%9d%202016.pdf
FILE       99754B https://gesherfilmfund.org.il/documents/%d7%a7%d7%a8%d7%9f%20%d7%92%d7%a9%d7%a8-%d7%a4%d7%a8%d7%95%d7%99%d7%99%d7%a7%d7%98%d7%99%d7%9d%202015.pdf
FILE       49749B https://gesherfilmfund.org.il/documents/%d7%9e%d7%a2%d7%95%d7%93%d7%9b%d7%9f%20%d7%94%d7%92%d7%a9%d7%95%d7%aa%20%d7%95%d7%9e%d7%a7%d7%91%d7%9c%d7%99%20%d7%9e%d7%a2%d7%a0%d7%a7%d7%99%d7%9d%20%d7%9c%d7%a4%d7%99%20%d7%aa%d7%97%d7%95%d7%9e%d7%99%d7%9d%202021%20.xlsx%20-%20%d7%92%d7%99%d7%9c%d7%99%d7%95%d7%9f1.pdf
