FILE           0B https://gesherfilmfund.org.il/documents/CREDITS_%20ֹנוסח%20קרדיטים_מיזם%20גשר%20אבי%20%20חי%20מיימונידיס%20לערוץ%20כאן%2011.pdf
FILE           0B https://gesherfilmfund.org.il/documents/CREDITS_%20%D6%B9%D7%A0%D7%95%D7%A1%D7%97%20%D7%A7%D7%A8%D7%93%D7%99%D7%98%D7%99%D7%9D_%D7%9E%D7%99%D7%96%D7%9D%20%D7%92%D7%A9%D7%A8%20%D7%90%D7%91%D7%99%20%20%D7%97%D7%99%20%D7%9E%D7%99%D7%99%D7%9E%D7%95%D7%A0%D7%99%D7%93%D7%99%D7%A1%20%D7%9C%D7%A2%D7%A8%D7%95%D7%A5%20%D7%9B%D7%90%D7%9F%2011.pdf
ok        5186ms MISS https://gesherfilmfund.org.il/documents/בוגרי
ok        8905ms MISS https://gesherfilmfund.org.il/Tender.aspx?TenderID=f7fcdfe5-7e91-4c3a-813c-e799e6f404e5
ok        9578ms MISS https://gesherfilmfund.org.il/Tender.aspx?TenderID=26b9158c-5beb-46ca-99bf-c242bc67c40b
ok       11115ms MISS https://gesherfilmfund.org.il/Page/55/
ok        8343ms MISS https://gesherfilmfund.org.il/Tender.aspx?TenderID=7bfae985-40a9-4635-9b2e-e63624520e07
ok        5717ms MISS https://gesherfilmfund.org.il/documents/%D7%A4%D7%99%D7%AA%D7%95%D7%97%20-%20%D7%94%D7%A0%D7%97%D7%99%D7%95%D7%AA%20%D7%9C%D7%A7%D7%A8%D7%93%D7%99%D7%98%D7%99%D7%9D%202025%20%20\\(%D7%9B%D7%9C%D7%9C%D7%99,%20%D7%A7%D7%A6%D7%A8%D7%99%D7%9D%20%D7%95%D7%A1%D7%98%D7%95%D7%93%D7%A0%D7%98%D7%99%D7%9D\\
ok        2173ms MISS https://gesherfilmfund.org.il/documents/%d7%a1%d7%a8%d7%98%d7%99%20%d7%92%d7%9e%d7%a8%20%d7%95%d7%a7%d7%a6%d7%a8%d7%99%d7%9d%20-%20%d7%94%d7%a0%d7%97%d7%99%d7%95%d7%aa%20%d7%9c%d7%94%d7%95%d7%a1%d7%a4%d7%aa%20%d7%a7%d7%a8%d7%93%d7%99%d7%98%d7%99%d7%9d%202026.docx%20\\(2\\
ok        3396ms MISS https://gesherfilmfund.org.il/Tender.aspx?TenderID=a8ba620a-bc14-42ef-847b-44e70f9b5511
ok        1453ms MISS https://gesherfilmfund.org.il/documents/CREDITSֹ2_FMC
ok        1440ms MISS https://gesherfilmfund.org.il/documents/קרדיטים
ok        1396ms MISS https://gesherfilmfund.org.il/documents/פיתוח
ok        1574ms MISS https://gesherfilmfund.org.il/documents/%d7%a4%d7%99%d7%aa%d7%95%d7%97%20-%20%d7%94%d7%a0%d7%97%d7%99%d7%95%d7%aa%20%d7%9c%d7%a7%d7%a8%d7%93%d7%99%d7%98%d7%99%d7%9d%202025%20%20(%d7%9b%d7%9c%d7%9c%d7%99,%20%d7%a7%d7%a6%d7%a8%d7%99%d7%9d%20%d7%95%d7%a1%d7%98%d7%95%d7%93%d7%a0%d7%98%d7%99%d7%9d
ok        2305ms MISS https://gesherfilmfund.org.il/documents/סרטי
ok        3081ms MISS https://gesherfilmfund.org.il/Tender.aspx?TenderID=cf48714a-3496-461a-beb9-d865eb4277eb
ok        1731ms MISS https://gesherfilmfund.org.il/documents/%d7%a1%d7%a8%d7%98%d7%99%20%d7%92%d7%9e%d7%a8%20%d7%95%d7%a7%d7%a6%d7%a8%d7%99%d7%9d%20-%20%d7%94%d7%a0%d7%97%d7%99%d7%95%d7%aa%20%d7%9c%d7%94%d7%95%d7%a1%d7%a4%d7%aa%20%d7%a7%d7%a8%d7%93%d7%99%d7%98%d7%99%d7%9d%202026.docx%20(2
ok        1316ms MISS https://gesherfilmfund.org.il/documents/%D7%A1%D7%A8%D7%98%D7%99%20%D7%92%D7%9E%D7%A8%20%D7%95%D7%A7%D7%A6%D7%A8%D7%99%D7%9D%20-%20%D7%94%D7%A0%D7%97%D7%99%D7%95%D7%AA%20%D7%9C%D7%94%D7%95%D7%A1%D7%A4%D7%AA%20%D7%A7%D7%A8%D7%93%D7%99%D7%98%D7%99%D7%9D%202026.docx%20\\(2\\
ok        1334ms MISS https://gesherfilmfund.org.il/documents/כללי
ok        1425ms MISS https://gesherfilmfund.org.il/documents/לוגו
ok        1388ms MISS https://gesherfilmfund.org.il/documents/%d7%a4%d7%99%d7%aa%d7%95%d7%97%20-%20%d7%94%d7%a0%d7%97%d7%99%d7%95%d7%aa%20%d7%9c%d7%a7%d7%a8%d7%93%d7%99%d7%98%d7%99%d7%9d%202025%20%20\\(%d7%9b%d7%9c%d7%9c%d7%99,%20%d7%a7%d7%a6%d7%a8%d7%99%d7%9d%20%d7%95%d7%a1%d7%98%d7%95%d7%93%d7%a0%d7%98%d7%99%d7%9d\\
