ok        1957ms MISS https://www.rabinovichfoundation.org.il/
ok        8559ms MISS https://www.guidestar.org.il/organization/580035756/financial
ok       11541ms MISS https://www.guidestar.org.il/organization/580035756
ok       20603ms MISS https://www.guidestar.org.il/organization/580035756/people
ok        1777ms MISS https://www.rabinovichfoundation.org.il/aid
ok        1876ms MISS https://www.rabinovichfoundation.org.il/commemoration
ok        1902ms MISS https://www.rabinovichfoundation.org.il/the-arts
ok        2084ms MISS https://www.rabinovichfoundation.org.il/cinema-project
ok        2277ms MISS https://www.rabinovichfoundation.org.il/the-arts/print
ok        1639ms MISS https://www.rabinovichfoundation.org.il/the-arts/dance
ok        1850ms MISS https://www.rabinovichfoundation.org.il/the-arts/literature-and-poetry
ok        1910ms MISS https://www.rabinovichfoundation.org.il/the-arts/art
ok        3269ms MISS https://www.rabinovichfoundation.org.il/the-arts/music
ok        1840ms MISS https://www.rabinovichfoundation.org.il/the-arts/matan
ok        1809ms MISS https://www.rabinovichfoundation.org.il/commemoration/arie-elhanani
ok        1836ms MISS https://www.rabinovichfoundation.org.il/commemoration/josef
ok        1813ms MISS https://www.rabinovichfoundation.org.il/commemoration/manger
ok        1792ms MISS https://www.rabinovichfoundation.org.il/commemoration/yakov-timan
ok        3498ms MISS https://www.rabinovichfoundation.org.il/commemoration/shlonski
ok        2200ms MISS https://forms.rabinovichfoundation.org.il/
ok        6333ms MISS https://www.rabinovichfoundation.org.il/the-arts/special-projects
ok        2566ms MISS https://www.rabinovichfoundation.org.il/the-arts/print/past-table-print
error        0ms MISS https://www.rabinovichfoundation.org.il/index.php/the-arts/publishing-old
error        0ms MISS https://forms.rabinovichfoundation.org.il/help
ok          95ms MISS https://www.rabinovichfoundation.org.il/index.php/the-arts/publishing-old
ok         106ms MISS https://forms.rabinovichfoundation.org.il/help
