ok       16383ms MISS https://www.filmfundgalil.com/s-projects-side-by-side
ok       19257ms MISS https://www.filmfundgalil.com/blank-2
ok       20960ms MISS https://www.filmfundgalil.com/2019
ok       21559ms MISS https://www.filmfundgalil.com/about-8
ok       26677ms MISS https://www.filmfundgalil.com/ecolog
ok       15522ms MISS https://www.filmfundgalil.com/blank-7
ok       10362ms MISS https://www.filmfundgalil.com/about
ok       12624ms MISS https://www.filmfundgalil.com/contact-us
ok       21409ms MISS https://www.filmfundgalil.com/copy-of-trailers
ok       20510ms MISS https://www.filmfundgalil.com/youth
ok       26096ms MISS https://www.filmfundgalil.com/students
ok       26484ms MISS https://www.filmfundgalil.com/team-1
ok       38869ms MISS https://www.filmfundgalil.com/docu-leaders
ok       39695ms MISS https://www.filmfundgalil.com/blank-8
ok       44106ms MISS https://www.filmfundgalil.com/copy-of-earth-water-fire
ok       43333ms MISS https://www.filmfundgalil.com/about-5
ok       44301ms MISS https://www.filmfundgalil.com/support
ok       27860ms MISS https://www.filmfundgalil.com/forum
ok       45296ms MISS https://www.filmfundgalil.com/ometz-best-movie
ok       26409ms MISS https://www.filmfundgalil.com/
ok       34589ms MISS https://www.filmfundgalil.com/about-1
FILE           0B https://www.filmfundgalil.com/_files/ugd/8998fd_5c6df5bb83fa42938cfa738aff0280de.pdf
FILE           0B https://www.filmfundgalil.com/_files/ugd/8998fd_096d6eddbbc64f6d8189a762490742c2.pdf
FILE           0B https://www.filmfundgalil.com/_files/ugd/8998fd_096d6eddbbc64f6d8189a762490742c2.pdf
FILE           0B https://www.filmfundgalil.com/_files/ugd/8998fd_5c6df5bb83fa42938cfa738aff0280de.pdf
