ok        7020ms MISS https://aravaff.co.il/movies/%d7%99%d7%9e%d7%99%d7%9d-%d7%9e%d7%95%d7%a9%d7%9c%d7%9e%d7%99%d7%9d/
ok        7208ms MISS https://aravaff.co.il/en/movies/%d7%91%d7%90%d7%a0%d7%9c-%d7%95%d7%90%d7%93%d7%9e%d7%94/
ok        7411ms MISS https://aravaff.co.il/movies/%d7%a7%d7%96%d7%91%d7%9c%d7%a0%d7%a7%d7%94/
ok        3789ms MISS https://aravaff.co.il/en/movies/%d7%94%d7%a8%d7%95%d7%a2-%d7%90%d7%99%d7%a0%d7%95-%d7%a7%d7%99%d7%99%d7%9d/
ok        3720ms MISS https://aravaff.co.il/en/movies/%d7%a4%d7%95%d7%a0%d7%99%d7%95-%d7%a2%d7%9c-%d7%94%d7%a6%d7%95%d7%a7-%d7%9c%d7%99%d7%93-%d7%94%d7%99%d7%9d/
ok        4690ms MISS https://aravaff.co.il/en/movies/%d7%94%d7%98%d7%99%d7%a8%d7%94-%d7%94%d7%a0%d7%a2%d7%94/
ok        5347ms MISS https://aravaff.co.il/en/movies/%d7%90%d7%9e%d7%90-%d7%92%d7%9c%d7%95%d7%a8%d7%99%d7%94/
ok        5489ms MISS https://aravaff.co.il/en/movies/%d7%90%d7%96%d7%95%d7%a8-%d7%94%d7%a2%d7%a0%d7%99%d7%99%d7%9f/
ok        4479ms MISS https://aravaff.co.il/movies/%d7%93%d7%a0%d7%99%d7%90%d7%9c-%d7%90%d7%95%d7%99%d7%a2%d7%a8%d7%91%d7%90%d7%9a/
ok        4861ms MISS https://aravaff.co.il/en/movies/%d7%94%d7%99%d7%9c%d7%93-%d7%95%d7%94%d7%90%d7%a0%d7%a4%d7%94/
ok        4494ms MISS https://aravaff.co.il/movies/%d7%94%d7%99%d7%9c%d7%93-%d7%95%d7%94%d7%90%d7%a0%d7%a4%d7%94/
ok        3647ms MISS https://aravaff.co.il/movies/20-%d7%90%d7%9c%d7%a3-%d7%9e%d7%99%d7%a0%d7%99%d7%9d-%d7%a9%d7%9c-%d7%93%d7%91%d7%95%d7%a8%d7%99%d7%9d/
ok        6908ms MISS https://aravaff.co.il/en/movies/stop-making-sense/
ok        7879ms MISS https://aravaff.co.il/en/movies/%d7%99%d7%9e%d7%99%d7%9d-%d7%9e%d7%95%d7%a9%d7%9c%d7%9e%d7%99%d7%9d/
ok        7274ms MISS https://aravaff.co.il/movies/%d7%97%d7%9c%d7%95%d7%9e%d7%95%d7%aa-%d7%a9%d7%9c-%d7%a8%d7%95%d7%91%d7%95%d7%98/
ok        6989ms MISS https://aravaff.co.il/movies/%d7%9c%d7%90-%d7%94%d7%a9%d7%91%d7%aa-%d7%a9%d7%9c%d7%99/
ok        3597ms MISS https://aravaff.co.il/movies/%d7%a1%d7%a8%d7%98%d7%99-%d7%a7%d7%a8%d7%9f-%d7%94%d7%a7%d7%95%d7%9c%d7%a0%d7%95%d7%a2-%d7%a2%d7%a8%d7%91%d7%94/
ok        3598ms MISS https://aravaff.co.il/movies/%d7%a4%d7%a8%d7%94-%d7%a4%d7%a8%d7%94/
ok        6362ms MISS https://aravaff.co.il/en/movies/%d7%96%d7%9b%d7%a8%d7%95%d7%a0%d7%95%d7%aa/
ok        7165ms MISS https://aravaff.co.il/en/movies/the-story-of-souleymane/
ok        7195ms MISS https://aravaff.co.il/en/movies/the-most-precious-of-cargos/
ok       15088ms MISS https://aravaff.co.il/en/movies/when-the-light-breaks/
ok        6944ms HIT  https://aravaff.co.il/en/movies/%d7%9c%d7%94-%d7%9b%d7%99%d7%9e%d7%a8%d7%94/
ok       11255ms MISS https://aravaff.co.il/movies/%d7%90%d7%96%d7%95%d7%a8-%d7%94%d7%a2%d7%a0%d7%99%d7%99%d7%9f/
ok       10006ms MISS https://aravaff.co.il/en/movies/the-conversation/
ok       12766ms MISS https://aravaff.co.il/en/movies/holy-cow/
ok        9625ms MISS https://aravaff.co.il/en/movies/seven-samurai/
ok        4469ms MISS https://aravaff.co.il/en/movies/wild-diamond/
ok        4677ms MISS https://aravaff.co.il/en/movies/kirikou-and-the-sorceress/
ok        6492ms MISS https://aravaff.co.il/en/movies/vermiglio/
ok        7692ms MISS https://aravaff.co.il/en/movies/three-kilometers-to-the-end-of-the-world/
ok        6682ms MISS https://aravaff.co.il/en/movies/gloria/
ok        7932ms MISS https://aravaff.co.il/en/movies/shorts-in-the-desert-2/
ok       11993ms MISS https://aravaff.co.il/movies/%d7%9e%d7%96%d7%9c-%d7%93%d7%92%d7%99%d7%9d/
ok       13972ms MISS https://aravaff.co.il/en/movies/the-red-turtle/
ok        7167ms MISS https://aravaff.co.il/movies/%d7%a9%d7%9b%d7%91%d7%95%d7%aa/
ok        8185ms MISS https://aravaff.co.il/movies/%d7%a4%d7%a0%d7%a1-%d7%91%d7%95%d7%93%d7%93/
ok       12695ms MISS https://aravaff.co.il/en/movies/shambhala/
ok        5184ms MISS https://aravaff.co.il/movies/%d7%93%d7%92-%d7%97%d7%9d/
ok        4092ms MISS https://aravaff.co.il/movies/%d7%aa%d7%97%d7%a8%d7%95%d7%aa-%d7%9c%d7%a1%d7%a8%d7%98%d7%99%d7%9d-%d7%99%d7%a9%d7%a8%d7%90%d7%9c%d7%99%d7%9d-%d7%a2%d7%9c%d7%99%d7%9c%d7%aa%d7%99%d7%99%d7%9d-%d7%a7%d7%a6%d7%a8%d7%99%d7%9d-2/
ok       21188ms MISS https://aravaff.co.il/en/movies/flow/
ok       18589ms MISS https://aravaff.co.il/movies/%d7%a1%d7%97%d7%95%d7%a8%d7%94-%d7%99%d7%a7%d7%a8%d7%94-%d7%9e%d7%9b%d7%9c/
ok        5771ms MISS https://aravaff.co.il/movies/%d7%a7%d7%99%d7%a8%d7%99%d7%a7%d7%95-%d7%95%d7%94%d7%9e%d7%9b%d7%a9%d7%a4%d7%94/
ok       13159ms MISS https://aravaff.co.il/movies/%d7%97%d7%9c%d7%9c/
ok        4402ms MISS https://aravaff.co.il/movies/%d7%9b%d7%a9%d7%94%d7%90%d7%95%d7%a8-%d7%a0%d7%a9%d7%91%d7%a8/
ok        4689ms MISS https://aravaff.co.il/movies/%d7%94%d7%a9%d7%99%d7%97%d7%94/
ok        7682ms MISS https://aravaff.co.il/movies/%d7%a2%d7%9d-%d7%94%d7%96%d7%a8%d7%9d/
ok        8798ms MISS https://aravaff.co.il/movies/%d7%94%d7%a1%d7%99%d7%a4%d7%95%d7%a8-%d7%a9%d7%9c-%d7%a1%d7%95%d7%9c%d7%99%d7%9e%d7%90%d7%9f/
ok        5991ms MISS https://aravaff.co.il/movies/%d7%92%d7%9c%d7%95%d7%a8%d7%99%d7%94/
ok        6800ms MISS https://aravaff.co.il/movies/%d7%a9%d7%91%d7%a2%d7%aa-%d7%94%d7%a1%d7%9e%d7%95%d7%a8%d7%90%d7%99%d7%9d/
ok        8470ms MISS https://aravaff.co.il/movies/%d7%a9%d7%9e%d7%91%d7%94%d7%90%d7%9c%d7%94/
ok        8587ms MISS https://aravaff.co.il/movies/%d7%a9%d7%9c%d7%95%d7%a9%d7%94-%d7%a7%d7%99%d7%9c%d7%95%d7%9e%d7%98%d7%a8%d7%99%d7%9d-%d7%9e%d7%a1%d7%95%d7%a3-%d7%94%d7%a2%d7%95%d7%9c%d7%9d/
ok        4421ms MISS https://aravaff.co.il/movies/%d7%9c%d7%a9%d7%97%d7%95%d7%aa-%d7%a2%d7%9d-%d7%9b%d7%a0%d7%a4%d7%99%d7%99%d7%9d/
ok       15719ms MISS https://aravaff.co.il/movies/%d7%99%d7%94%d7%9c%d7%95%d7%9d-%d7%a4%d7%a8%d7%95%d7%a2/
ok       15987ms MISS https://aravaff.co.il/movies/%d7%9b%d7%9c%d7%aa-%d7%94%d7%94%d7%a8/
ok       16421ms MISS https://aravaff.co.il/movies/%d7%94%d7%a6%d7%91-%d7%94%d7%90%d7%93%d7%95%d7%9d/
ok       19684ms MISS https://aravaff.co.il/movies/%d7%97%d7%9c%d7%91/
ok       13967ms MISS https://aravaff.co.il/movies/%d7%9e%d7%9b%d7%aa%d7%91-%d7%90%d7%9c-%d7%94%d7%90%d7%91/
ok       11302ms MISS https://aravaff.co.il/en/movies/the-event-horizon/
ok        8862ms MISS https://aravaff.co.il/en/movies/a-letter-to-the-father/
ok        6799ms MISS https://aravaff.co.il/movies/%d7%90%d7%95%d7%a4%d7%a7-%d7%94%d7%90%d7%99%d7%a8%d7%95%d7%a2%d7%99%d7%9d/
ok        6924ms MISS https://aravaff.co.il/movies/%d7%90%d7%a0%d7%99-%d7%a2%d7%93%d7%99%d7%99%d7%9f-%d7%9b%d7%90%d7%9f/
ok        4371ms MISS https://aravaff.co.il/movies/%d7%92%d7%91%d7%95%d7%9c/
ok        9622ms MISS https://aravaff.co.il/en/movies/bird/
ok        6573ms MISS https://aravaff.co.il/en/movies/im-still-here/
ok        6070ms MISS https://aravaff.co.il/en/movies/not-my-weekend/
ok        3676ms MISS https://aravaff.co.il/movies/%d7%90%d7%a0%d7%95%d7%a8%d7%94/
ok        4471ms MISS https://aravaff.co.il/movies/%d7%a9%d7%99%d7%a2%d7%a8/
ok       11785ms MISS https://aravaff.co.il/movies/%d7%9e%d7%90%d7%95%d7%a9%d7%a8-%d7%9c%d7%a0%d7%a6%d7%97/
ok       12811ms MISS https://aravaff.co.il/en/movies/hair/
ok        4192ms MISS https://aravaff.co.il/en/movies/the-milky-way/
ok        4780ms MISS https://aravaff.co.il/movies/%d7%9b%d7%9c%d7%91-%d7%a9%d7%97%d7%95%d7%a8/
ok        4199ms MISS https://aravaff.co.il/en/movies/super-happy-forever/
ok        4396ms MISS https://aravaff.co.il/movies/%d7%9e%d7%94-%d7%a9%d7%9e%d7%97%d7%91%d7%a8-%d7%91%d7%99%d7%a0%d7%99%d7%a0%d7%95/
ok        3846ms MISS https://aravaff.co.il/en/movies/anora/
ok        3595ms MISS https://aravaff.co.il/en/movies/black-dog/
ok        4503ms MISS https://aravaff.co.il/en/movies/the-ties-that-bind-us/
ok        4465ms MISS https://aravaff.co.il/movies/%d7%9b%d7%9c-%d7%9e%d7%94-%d7%a9%d7%90%d7%a0%d7%97%d7%a0%d7%95-%d7%9e%d7%93%d7%9e%d7%99%d7%99%d7%a0%d7%99%d7%9d-%d7%9b%d7%90%d7%95%d7%a8/
ok        8783ms MISS https://aravaff.co.il/movies/%d7%a4%d7%a8%d7%99%d7%96-%d7%98%d7%a7%d7%a1%d7%a1/
ok        8017ms MISS https://aravaff.co.il/en/movies/the-room-next-door/
ok        6519ms MISS https://aravaff.co.il/en/movies/all-we-imagine-as-light/
ok        5173ms MISS https://aravaff.co.il/movies/%d7%94%d7%97%d7%93%d7%a8-%d7%94%d7%a1%d7%9e%d7%95%d7%9a/
ok        7914ms MISS https://aravaff.co.il/movies/%d7%a4%d7%a8%d7%a0%d7%a6%d7%b3/
ok        3552ms MISS https://aravaff.co.il/en/movies/a-burning-man/
ok        3424ms MISS https://aravaff.co.il/en/movies/the-sting/
ok        4680ms MISS https://aravaff.co.il/en/movies/chinatown/
ok        4758ms MISS https://aravaff.co.il/en/movies/adams-sake/
ok        5191ms MISS https://aravaff.co.il/en/movies/blow-up/
ok        5712ms MISS https://aravaff.co.il/en/movies/le-mepris-contempt/
ok        3799ms MISS https://aravaff.co.il/en/movies/surfs-up/
ok        5554ms MISS https://aravaff.co.il/en/movies/paris-texas/
ok        5693ms MISS https://aravaff.co.il/en/movies/kokuho/
ok        3490ms MISS https://aravaff.co.il/en/movies/made-in-eu/
ok        5417ms MISS https://aravaff.co.il/en/movies/%d7%94%d7%91%d7%94%d7%9c%d7%94-%d7%9c%d7%96%d7%94%d7%91/
ok        5106ms MISS https://aravaff.co.il/en/movies/the-white-ribbon/
ok        3800ms MISS https://aravaff.co.il/en/movies/dalias-tea-casts-a-shadow-on-mount-fuji/
ok        3512ms MISS https://aravaff.co.il/en/movies/summer-beats/
error        0ms MISS https://aravaff.co.il/movies/%d7%91%d7%99%d7%a8%d7%93/
ok        3669ms MISS https://aravaff.co.il/en/movies/%d7%a2%d7%a8%d7%9a-%d7%a1%d7%a0%d7%98%d7%99%d7%9e%d7%a0%d7%98%d7%9c%d7%99/
ok        4706ms MISS https://aravaff.co.il/en/movies/fox-and-hare-save-the-forest/
ok        5783ms MISS https://aravaff.co.il/en/movies/the-country-calls-you/
ok        5911ms MISS https://aravaff.co.il/en/movies/the-secret-agent/
ok        3759ms MISS https://aravaff.co.il/movies/%d7%94%d7%91%d7%95%d7%96/
ok        3518ms MISS https://aravaff.co.il/movies/%d7%a1%d7%a8%d7%98-%d7%9c%d7%91%d7%9f/
ok        5986ms MISS https://aravaff.co.il/en/movies/left-handed-girl/
ok        3424ms MISS https://aravaff.co.il/movies/%d7%a7%d7%95%d7%a7%d7%95%d7%94%d7%95/
ok        4168ms MISS https://aravaff.co.il/en/movies/silent-friend/
ok        7372ms MISS https://aravaff.co.il/movies/%d7%a0%d7%90%d7%a0%d7%93%d7%90%d7%95%d7%a8%d7%99/
ok        7204ms MISS https://aravaff.co.il/movies/%d7%94%d7%97%d7%91%d7%a8-%d7%94%d7%a9%d7%a7%d7%98/
ok        7020ms MISS https://aravaff.co.il/movies/%d7%aa%d7%95%d7%a6%d7%a8%d7%aa-%d7%90%d7%99%d7%a8%d7%95%d7%a4%d7%94/
ok        3664ms MISS https://aravaff.co.il/movies/%d7%94%d7%aa%d7%94-%d7%a9%d7%9c-%d7%93%d7%9c%d7%99%d7%94-%d7%9e%d7%98%d7%99%d7%9c-%d7%a6%d7%9c-%d7%a2%d7%9c-%d7%94%d7%a8-%d7%a4%d7%95%d7%92%d7%99/
ok        3634ms MISS https://aravaff.co.il/movies/%d7%91%d7%a9%d7%91%d7%99%d7%9c-%d7%90%d7%93%d7%9d/
ok        3674ms MISS https://aravaff.co.il/movies/%d7%a9%d7%95%d7%a2%d7%9c-%d7%95%d7%90%d7%a8%d7%a0%d7%91%d7%aa-%d7%9e%d7%a6%d7%99%d7%9c%d7%99%d7%9d-%d7%90%d7%aa-%d7%94%d7%99%d7%a2%d7%a8/
ok        3786ms MISS https://aravaff.co.il/movies/%d7%a2%d7%a8%d7%9a-%d7%a1%d7%a0%d7%98%d7%99%d7%9e%d7%a0%d7%98%d7%9c%d7%99/
ok        6591ms MISS https://aravaff.co.il/movies/%d7%94%d7%9e%d7%93%d7%99%d7%a0%d7%94-%d7%a7%d7%95%d7%a8%d7%90%d7%aa-%d7%9c%d7%9a/
ok        3601ms MISS https://aravaff.co.il/movies/%d7%90%d7%97%d7%a8%d7%99-%d7%9c%d7%95%d7%a1%d7%99%d7%94/
ok        3502ms MISS https://aravaff.co.il/movies/%d7%99%d7%a6%d7%a8%d7%99%d7%9d/
ok        3884ms MISS https://aravaff.co.il/en/movies/dj-ahmet/
ok        5010ms MISS https://aravaff.co.il/movies/%d7%94%d7%90%d7%97%d7%95%d7%aa-%d7%94%d7%a7%d7%98%d7%a0%d7%94/
ok        6518ms MISS https://aravaff.co.il/en/movies/nandauri/
ok        3877ms MISS https://aravaff.co.il/movies/%d7%94%d7%9e%d7%91%d7%98-%d7%94%d7%9e%d7%a1%d7%aa%d7%95%d7%a8%d7%99-%d7%a9%d7%9c-%d7%94%d7%a4%d7%9c%d7%9e%d7%99%d7%a0%d7%92%d7%95/
ok        4024ms MISS https://aravaff.co.il/en/movies/the-mysterious-gaze-of-the-flamingo/
ok        3506ms MISS https://aravaff.co.il/movies/%d7%9e%d7%97%d7%a0%d7%94-%d7%a7%d7%99%d7%a5/
ok        3778ms MISS https://aravaff.co.il/movies/%d7%94%d7%a1%d7%95%d7%9b%d7%9f-%d7%94%d7%97%d7%a9%d7%90%d7%99/
ok        3611ms MISS https://aravaff.co.il/movies/%d7%94%d7%a2%d7%95%d7%a7%d7%a5/
ok        3476ms MISS https://aravaff.co.il/movies/%d7%91%d7%a8%d7%a0%d7%99%d7%a0%d7%92-%d7%9e%d7%9f/
error        0ms MISS https://aravaff.co.il/en/movies/after-lucia/
ok        3617ms MISS https://aravaff.co.il/movies/%d7%a1%d7%99%d7%a4%d7%95%d7%a8%d7%9d-%d7%a9%d7%9c-%d7%a9%d7%a0%d7%99-%d7%a4%d7%a8%d7%a7%d7%9c%d7%99%d7%98%d7%99%d7%9d/
ok        3495ms MISS https://aravaff.co.il/movies/%d7%94%d7%99%d7%9c%d7%93%d7%94-%d7%94%d7%a9%d7%9e%d7%90%d7%9c%d7%99%d7%aa/
ok        3781ms MISS https://aravaff.co.il/movies/%d7%9e%d7%98%d7%90%d7%95%d7%a8%d7%99%d7%9d/
ok        3628ms MISS https://aravaff.co.il/en/movies/meteors-2/
ok        4057ms MISS https://aravaff.co.il/movies/%d7%9c%d7%94%d7%96%d7%99%d7%96-%d7%94%d7%a8%d7%99%d7%9d/
ok        4337ms MISS https://aravaff.co.il/en/movies/two-prosecutors/
ok        3784ms MISS https://aravaff.co.il/en/movies/nino/
ok        3781ms MISS https://aravaff.co.il/movies/%d7%9e%d7%9b%d7%aa%d7%91-%d7%9c%d7%93%d7%95%d7%99%d7%93/
ok        3438ms MISS https://aravaff.co.il/movies/%d7%91%d7%a2%d7%91%d7%95%d7%93%d7%94/
ok        3690ms MISS https://aravaff.co.il/en/movies/at-work/
ok        6109ms MISS https://aravaff.co.il/movies/%d7%a0%d7%99%d7%a0%d7%95/
ok        5389ms MISS https://aravaff.co.il/movies/%d7%9c%d7%a2%d7%96%d7%95%d7%91-%d7%99%d7%95%d7%9d-%d7%90%d7%97%d7%93/
ok        3490ms MISS https://aravaff.co.il/movies/%d7%94%d7%91%d7%94%d7%9c%d7%94-%d7%9c%d7%96%d7%94%d7%91/
ok        3887ms MISS https://aravaff.co.il/movies/%d7%a7%d7%a6%d7%a8-%d7%91%d7%9e%d7%93%d7%91%d7%a8-%d7%a1%d7%a8%d7%98%d7%99-%d7%a7%d7%a8%d7%9f-%d7%a7%d7%95%d7%9c%d7%a0%d7%95%d7%a2-%d7%94%d7%a0%d7%92%d7%91-%d7%94%d7%9e%d7%90%d7%95%d7%97%d7%93/
ok        3805ms MISS https://aravaff.co.il/en/movies/negev-film-fund/
ok        5822ms MISS https://aravaff.co.il/en/movies/
ok        6573ms MISS https://aravaff.co.il/en/movies/leave-one-day/
ok        5604ms MISS https://aravaff.co.il/%d7%90%d7%99%d7%a8%d7%95%d7%a2%d7%99%d7%9d/
ok        4940ms MISS https://aravaff.co.il/movies/%d7%a6%d7%b3%d7%99%d7%99%d7%a0%d7%94%d7%98%d7%90%d7%95%d7%9f/
error        0ms MISS https://aravaff.co.il/movies/%d7%aa%d7%a4%d7%95%d7%a1-%d7%aa%d7%b3%d7%92%d7%9c%d7%99%d7%9d/
ok        5523ms MISS https://aravaff.co.il/en/movies/the-little-sister/
ok        9283ms MISS https://aravaff.co.il/%d7%90%d7%a8%d7%9b%d7%99%d7%95%d7%9f/
ok        7981ms MISS https://aravaff.co.il/en/%d7%90%d7%99%d7%a8%d7%95%d7%a2%d7%99%d7%9d/
ok       14876ms MISS https://aravaff.co.il/
ok       16831ms MISS https://aravaff.co.il/en/contact-us/
ok        5183ms MISS https://aravaff.co.il/en/%d7%94%d7%a6%d7%94%d7%a8%d7%aa-%d7%a0%d7%92%d7%99%d7%a9%d7%95%d7%aa/
ok        4919ms MISS https://aravaff.co.il/en/accommodation-packages/
ok        8797ms MISS https://aravaff.co.il/en/%d7%90%d7%a8%d7%9b%d7%99%d7%95%d7%9f/
ok        9601ms MISS https://aravaff.co.il/%d7%94%d7%a6%d7%94%d7%a8%d7%aa-%d7%a0%d7%92%d7%99%d7%a9%d7%95%d7%aa/
ok        4196ms MISS https://aravaff.co.il/%d7%a7%d7%94%d7%99%d7%9c%d7%aa-%d7%a4%d7%a1%d7%98%d7%99%d7%91%d7%9c-%d7%a2%d7%a8%d7%91%d7%94/
ok        3890ms MISS https://aravaff.co.il/%d7%90%d7%95%d7%93%d7%95%d7%aa-%d7%a0%d7%99%d7%a1%d7%99%d7%95%d7%9f/
ok        4697ms MISS https://aravaff.co.il/en/about/
ok       10152ms MISS https://aravaff.co.il/%d7%a6%d7%95%d7%a8-%d7%a7%d7%a9%d7%a8/
ok       11500ms MISS https://aravaff.co.il/%d7%9b%d7%a8%d7%98%d7%99%d7%a1%d7%99%d7%9d/
ok        5718ms MISS https://aravaff.co.il/en/all-films/
ok        5328ms MISS https://aravaff.co.il/%d7%9c%d7%95%d7%97-%d7%94%d7%a7%d7%a8%d7%a0%d7%95%d7%aa/
ok        9403ms MISS https://aravaff.co.il/en/arava-film-fund-new/
ok       10827ms MISS https://aravaff.co.il/en/program/
ok       14959ms MISS https://aravaff.co.il/en/%d7%a1%d7%a8%d7%98%d7%99-%d7%a7%d7%a8%d7%9f-%d7%a7%d7%95%d7%9c%d7%a0%d7%95%d7%a2-%d7%a2%d7%a8%d7%91%d7%94-2/
ok       16234ms MISS https://aravaff.co.il/%d7%a1%d7%a8%d7%98%d7%99-%d7%a7%d7%a8%d7%9f-%d7%a7%d7%95%d7%9c%d7%a0%d7%95%d7%a2-%d7%a2%d7%a8%d7%91%d7%94/
ok       19464ms MISS https://aravaff.co.il/%d7%9b%d7%9c-%d7%94%d7%a1%d7%a8%d7%98%d7%99%d7%9d/
ok       18757ms MISS https://aravaff.co.il/%d7%9c%d7%99%d7%a0%d7%94-%d7%91%d7%9e%d7%aa%d7%97%d7%9d/
ok       21759ms MISS https://aravaff.co.il/%d7%a1%d7%a8%d7%98%d7%99-%d7%a7%d7%a8%d7%9f-%d7%a7%d7%95%d7%9c%d7%a0%d7%95%d7%a2-%d7%a2%d7%a8%d7%91%d7%94-2/
ok       14105ms MISS https://aravaff.co.il/%d7%a1%d7%a8%d7%98%d7%99-%d7%a7%d7%a8%d7%9f-%d7%a7%d7%95%d7%9c%d7%a0%d7%95%d7%a2-%d7%a0%d7%92%d7%91-%d7%94%d7%9e%d7%90%d7%95%d7%97%d7%93%d7%aa/
ok       11424ms MISS https://aravaff.co.il/news/%d7%9c%d7%95%d7%a8%d7%9d-%d7%a9%d7%aa%d7%99%d7%99%d7%9d/
ok        5503ms MISS https://aravaff.co.il/en/news/
ok        9260ms MISS https://aravaff.co.il/news/
ok        5395ms MISS https://aravaff.co.il/news/%d7%9c%d7%95%d7%a8%d7%9d-%d7%90%d7%99%d7%a4%d7%a1%d7%95%d7%9d/
ok       11135ms MISS https://aravaff.co.il/archive/2023/
ok        9901ms MISS https://aravaff.co.il/en/archive/2023/
ok        9675ms MISS https://aravaff.co.il/archive/2024/
ok       15161ms MISS https://aravaff.co.il/en/category/%d7%9c%d7%9c%d7%90-%d7%a7%d7%98%d7%92%d7%95%d7%a8%d7%99%d7%94/
ok        6000ms MISS https://aravaff.co.il/archive/2025/
ok        9835ms MISS https://aravaff.co.il/en/director/agathe-riedinger/
ok        8879ms MISS https://aravaff.co.il/en/director/alice-rohrwacher/
ok        9384ms MISS https://aravaff.co.il/en/director/amelie-bonin-en/
ok        8939ms MISS https://aravaff.co.il/en/arava-film-fund/
ok       10156ms MISS https://aravaff.co.il/en/archive/2024-en/
ok        9482ms MISS https://aravaff.co.il/en/archive/2025-en/
ok       15838ms MISS https://aravaff.co.il/en/director/boris-lojkine/
ok       26682ms MISS https://aravaff.co.il/en/director/andrea-arnold/
ok       26858ms MISS https://aravaff.co.il/en/director/carine-tardieu/
ok       13603ms MISS https://aravaff.co.il/en/director/david-volach/
ok       14868ms MISS https://aravaff.co.il/en/director/diego-cespedes/
ok       11348ms MISS https://aravaff.co.il/en/director/emanuel-parvu/
error        0ms MISS https://aravaff.co.il/en/news/%d7%9c%d7%95%d7%a8%d7%9d-%d7%90%d7%99%d7%a4%d7%a1%d7%95%d7%9d/
ok        8582ms MISS https://aravaff.co.il/en/director/eti-tsicko/
ok       15868ms MISS https://aravaff.co.il/en/director/charlie-chaplin/
ok       23070ms MISS https://aravaff.co.il/en/director/francis-ford-coppola/
ok       20994ms MISS https://aravaff.co.il/en/director/eyal-halfon/
ok       18845ms MISS https://aravaff.co.il/en/director/ash-brannon-chris-buck/
ok       29991ms MISS https://aravaff.co.il/en/director/georgi-unkovski/
ok       27876ms MISS https://aravaff.co.il/en/director/estibaliz-urresola-solaguren/
ok       33498ms MISS https://aravaff.co.il/en/director/gints-zilbalodis/
ok       31706ms MISS https://aravaff.co.il/en/director/hafsia-herzi/
ok       27597ms MISS https://aravaff.co.il/en/director/hu-guan/
ok        8839ms MISS https://aravaff.co.il/en/director/ilker-catak/
ok       14563ms MISS https://aravaff.co.il/en/director/hubert-charuel/
ok       22072ms MISS https://aravaff.co.il/en/director/ildiko-enyedi/
ok       15839ms MISS https://aravaff.co.il/en/director/george-roy-hill/
ok       25199ms MISS https://aravaff.co.il/en/director/jean-luc-godard/
ok       14791ms MISS https://aravaff.co.il/en/director/jonathan-demme-en/
ok        8842ms MISS https://aravaff.co.il/en/director/justine-triet/
ok        8433ms MISS https://aravaff.co.il/en/director/kleber-mendonca-filho/
ok       14102ms MISS https://aravaff.co.il/en/director/hayao-miyazaki/
ok        5101ms MISS https://aravaff.co.il/director/laura-wandel/
ok       11023ms MISS https://aravaff.co.il/en/director/lee-sang-il/
ok        9271ms MISS https://aravaff.co.il/en/director/lise-akoka-romane-gueret/
ok       15760ms MISS https://aravaff.co.il/en/director/jonathan-glazer/
ok       16518ms MISS https://aravaff.co.il/en/director/joachim-trier/
ok       13468ms MISS https://aravaff.co.il/en/director/kohei-igarash/
ok       27591ms MISS https://aravaff.co.il/en/director/louise-courvoisier/
ok       21877ms MISS https://aravaff.co.il/en/director/mascha-halberstad/
ok       20725ms MISS https://aravaff.co.il/en/director/marie-amachoukeli/
ok       34792ms MISS https://aravaff.co.il/en/director/maura-delpero/
ok       17883ms MISS https://aravaff.co.il/en/director/maya-kenig/
ok       29638ms MISS https://aravaff.co.il/en/director/michael-curtiz/
ok       15560ms MISS https://aravaff.co.il/en/director/michael-dudok-de-wit/
ok       28557ms MISS https://aravaff.co.il/en/director/maya-kessel/
ok       29373ms MISS https://aravaff.co.il/en/director/michael-haneke/
ok       28819ms MISS https://aravaff.co.il/en/director/michel-franco/
ok       30063ms MISS https://aravaff.co.il/en/director/michel-hazanavicius/
ok       57381ms MISS https://aravaff.co.il/en/director/min-bahadur-bham/
ok       50591ms MISS https://aravaff.co.il/en/director/milos-forman/
ok       79390ms MISS https://aravaff.co.il/en/director/michelangelo-antonioni/
ok       82942ms MISS https://aravaff.co.il/en/director/michel-ocelot-raymond-burlet-en/
ok       96759ms MISS https://aravaff.co.il/en/director/john-cassavetes/
ok       24294ms MISS https://aravaff.co.il/en/director/molly-manning-walker/
ok       24444ms MISS https://aravaff.co.il/en/director/oren-gerner/
ok       33586ms MISS https://aravaff.co.il/en/director/oren-gerner-yosra-abu-kaf-hila-elena-royzenman-fanny-ben-david/
ok       31007ms MISS https://aravaff.co.il/en/director/nuri-bilge-ceylan/
ok       40127ms MISS https://aravaff.co.il/en/director/omri-barzilai-omer-ben-david/
ok       37357ms MISS https://aravaff.co.il/en/director/pauline-loques/
ok       22450ms MISS https://aravaff.co.il/en/director/payal-kapadia/
ok       31457ms MISS https://aravaff.co.il/en/director/ramata-toulaye-sy/
ok       26179ms MISS https://aravaff.co.il/en/director/roman-polanski/
ok       13092ms MISS https://aravaff.co.il/en/director/runar-runarsson/
ok       20077ms MISS https://aravaff.co.il/en/director/rona-segal/
ok       13111ms MISS https://aravaff.co.il/en/director/ryusuke-hamaguchi/
ok       10195ms MISS https://aravaff.co.il/en/director/shemer-gaon-en/
ok       14743ms MISS https://aravaff.co.il/en/director/sergei-loznitsa/
ok       10356ms MISS https://aravaff.co.il/en/director/shira-geffen/
ok        9569ms MISS https://aravaff.co.il/en/director/shira-geffen-omri-barzilai-omer-ben-david-rona-segal-sivan-levy-zakin/
error        0ms MISS https://aravaff.co.il/en/director/pablo-berger/
ok        9464ms MISS https://aravaff.co.il/en/director/stephan-komandarev/
ok        8672ms MISS https://aravaff.co.il/en/director/valerie-donzelli/
ok        8657ms MISS https://aravaff.co.il/en/director/walter-salles/
ok       11934ms MISS https://aravaff.co.il/en/director/stephanie-di-giusto/
error        0ms MISS https://aravaff.co.il/en/director/pedro-almodovar/
ok       13417ms MISS https://aravaff.co.il/en/director/sean-baker/
ok       16632ms MISS https://aravaff.co.il/en/director/yosra-abu-kaf/
ok       21809ms MISS https://aravaff.co.il/en/director/wim-wenders/
ok       24159ms MISS https://aravaff.co.il/director/%d7%90%d7%92%d7%90%d7%aa-%d7%a8%d7%99%d7%93%d7%99%d7%a0%d7%92%d7%a8/
ok       27824ms MISS https://aravaff.co.il/en/director/wim-wenders-en/
ok       14561ms MISS https://aravaff.co.il/director/%d7%90%d7%99%d7%9c-%d7%97%d7%9c%d7%a4%d7%95%d7%9f/
ok       19457ms MISS https://aravaff.co.il/director/%d7%90%d7%95%d7%a8%d7%9f-%d7%92%d7%a8%d7%a0%d7%a8/
ok       19708ms MISS https://aravaff.co.il/director/%d7%90%d7%99%d7%9c%d7%93%d7%99%d7%a7%d7%95-%d7%90%d7%a0%d7%99%d7%99%d7%93%d7%99/
ok       25591ms MISS https://aravaff.co.il/director/%d7%90%d7%95%d7%a8%d7%9f-%d7%92%d7%a8%d7%a0%d7%a8-%d7%99%d7%95%d7%a1%d7%a8%d7%90-%d7%90%d7%91%d7%95-%d7%9b%d7%a3-%d7%94%d7%99%d7%9c%d7%94-%d7%a8%d7%95%d7%99%d7%96%d7%a0%d7%9e%d7%9f-%d7%a4%d7%a0/
ok        7922ms MISS https://aravaff.co.il/director/%d7%90%d7%99%d7%9c%d7%a7%d7%a8-%d7%a6%d7%98%d7%90%d7%a7/
ok        7222ms MISS https://aravaff.co.il/director/%d7%90%d7%a0%d7%93%d7%a8%d7%99%d7%90%d7%94-%d7%90%d7%a8%d7%a0%d7%95%d7%9c%d7%93/
ok        4973ms MISS https://aravaff.co.il/director/%d7%90%d7%a7%d7%99-%d7%a7%d7%90%d7%95%d7%a8%d7%99%d7%a1%d7%9e%d7%a7%d7%99/
error        0ms MISS https://aravaff.co.il/en/director/shih-ching-tsou/
ok        8985ms MISS https://aravaff.co.il/en/director/%d7%90%d7%a7%d7%99-%d7%a7%d7%90%d7%95%d7%a8%d7%99%d7%a1%d7%9e%d7%a7%d7%99-en/
ok        7427ms MISS https://aravaff.co.il/director/%d7%90%d7%a1%d7%98%d7%99%d7%91%d7%9c%d7%99%d7%96-%d7%90%d7%95%d7%a8%d7%a1%d7%95%d7%9c%d7%94-%d7%a1%d7%95%d7%9c%d7%92%d7%95%d7%a8%d7%9f/
ok       48897ms MISS https://aravaff.co.il/director/%d7%90%d7%a9-%d7%91%d7%a8%d7%90%d7%a0%d7%95%d7%9f-%d7%9b%d7%a8%d7%99%d7%a1-%d7%91%d7%90%d7%a7/
ok       45979ms MISS https://aravaff.co.il/director/%d7%90%d7%9c%d7%99%d7%a6%d7%94-%d7%a8%d7%95%d7%a8%d7%95%d7%95%d7%90%d7%9b%d7%a8/
ok       49747ms MISS https://aravaff.co.il/director/%d7%90%d7%a7%d7%99%d7%a8%d7%94-%d7%a7%d7%95%d7%a8%d7%95%d7%a1%d7%90%d7%95%d7%95%d7%94/
ok       30107ms MISS https://aravaff.co.il/director/%d7%92%d7%b3%d7%95%d7%9f-%d7%a7%d7%a1%d7%90%d7%95%d7%95%d7%98%d7%a1/
ok       28259ms MISS https://aravaff.co.il/director/%d7%90%d7%9e%d7%9c%d7%99-%d7%91%d7%95%d7%a0%d7%9f/
ok       33902ms MISS https://aravaff.co.il/director/%d7%91%d7%95%d7%a8%d7%99%d7%a1-%d7%9c%d7%95%d7%96%d7%b3%d7%a7%d7%99%d7%9f/
ok       17773ms MISS https://aravaff.co.il/director/%d7%92%d7%b3%d7%95%d7%a8%d7%92%d7%b3-%d7%a8%d7%95%d7%99-%d7%94%d7%99%d7%9c/
ok       13304ms MISS https://aravaff.co.il/director/%d7%92%d7%90%d7%95%d7%a8%d7%92%d7%99-%d7%90%d7%95%d7%a0%d7%a7%d7%95%d7%91%d7%a1%d7%a7%d7%99/
ok       16940ms MISS https://aravaff.co.il/director/%d7%92%d7%95%d7%a0%d7%aa%d7%9f-%d7%92%d7%9c%d7%99%d7%99%d7%96%d7%a8/
ok       11722ms MISS https://aravaff.co.il/director/%d7%92%d7%99%d7%a0%d7%98%d7%a1-%d7%96%d7%99%d7%9c%d7%91%d7%90%d7%9c%d7%95%d7%93%d7%99%d7%a1/
ok        5362ms MISS https://aravaff.co.il/director/%d7%93%d7%99%d7%9c%d7%9f-%d7%99%d7%95%d7%a1%d7%a3-%d7%a9%d7%98%d7%a8%d7%99%d7%aa/
ok        7528ms MISS https://aravaff.co.il/director/%d7%90%d7%aa%d7%99-%d7%a6%d7%99%d7%a7%d7%95/
ok        5198ms MISS https://aravaff.co.il/director/%d7%94%d7%95-%d7%92%d7%95%d7%95%d7%90%d7%9f/
ok        7162ms MISS https://aravaff.co.il/director/%d7%92%d7%b3%d7%95%d7%a0%d7%aa%d7%9f-%d7%93%d7%9e%d7%99/
ok        8131ms MISS https://aravaff.co.il/director/%d7%94%d7%95%d7%91%d7%a8-%d7%a9%d7%a8%d7%95%d7%90%d7%9c/
ok        5074ms MISS https://aravaff.co.il/director/%d7%94%d7%a4%d7%a1%d7%99%d7%94-%d7%94%d7%a8%d7%96%d7%99/
ok        4922ms MISS https://aravaff.co.il/director/%d7%95%d7%95%d7%9c%d7%98%d7%a8-%d7%a1%d7%90%d7%9c%d7%a1/
ok        5469ms MISS https://aravaff.co.il/director/%d7%95%d7%99%d7%9d-%d7%95%d7%a0%d7%93%d7%a8%d7%a1/
ok        6414ms MISS https://aravaff.co.il/director/%d7%93%d7%95%d7%93-%d7%95%d7%95%d7%9c%d7%9a/
ok        8293ms MISS https://aravaff.co.il/director/%d7%95%d7%9c%d7%a8%d7%99-%d7%93%d7%95%d7%a0%d7%96%d7%9c%d7%99/
ok        7869ms MISS https://aravaff.co.il/director/%d7%96%d7%95%d7%a1%d7%98%d7%99%d7%9f-%d7%98%d7%a8%d7%99%d7%99%d7%94/
ok        4801ms MISS https://aravaff.co.il/director/%d7%98%d7%9c%d7%99%d7%9c%d7%94-%d7%a4%d7%a8%d7%a0%d7%a7/
ok        5306ms MISS https://aravaff.co.il/director/%d7%99%d7%95%d7%90%d7%9b%d7%99%d7%9d-%d7%98%d7%a8%d7%99%d7%99%d7%a8/
ok        5183ms MISS https://aravaff.co.il/director/%d7%99%d7%95%d7%a1%d7%a8%d7%90-%d7%90%d7%91%d7%95-%d7%9b%d7%a3/
ok        7490ms MISS https://aravaff.co.il/director/%d7%96%d7%b3%d7%90%d7%9f-%d7%9c%d7%95%d7%a7-%d7%92%d7%95%d7%93%d7%90%d7%a8/
ok        5187ms MISS https://aravaff.co.il/director/%d7%9b%d7%9c%d7%99%d7%9c-%d7%9b%d7%95%d7%91%d7%a9/
ok        5315ms MISS https://aravaff.co.il/director/%d7%9c%d7%95%d7%90%d7%99%d7%96-%d7%a7%d7%95%d7%a8%d7%91%d7%95%d7%96%d7%99%d7%99%d7%94/
ok        5763ms MISS https://aravaff.co.il/director/%d7%99%d7%a2%d7%9c-%d7%a8%d7%99%d7%99%d7%a1%d7%a4%d7%9c%d7%93/
ok        9280ms MISS https://aravaff.co.il/director/%d7%93%d7%a4%d7%a0%d7%94-%d7%90%d7%95%d7%95%d7%93%d7%99%d7%a9-%d7%92%d7%95%d7%9c%d7%9f/
ok       10631ms MISS https://aravaff.co.il/director/%d7%9c%d7%99-%d7%93%d7%a8%d7%95%d7%a8/
ok       11273ms MISS https://aravaff.co.il/director/%d7%9c%d7%99-%d7%93%d7%a8%d7%95%d7%a8-%d7%9b%d7%9c%d7%99%d7%9c-%d7%9b%d7%95%d7%91%d7%a9-%d7%98%d7%9c%d7%99%d7%9c%d7%94-%d7%a4%d7%a8%d7%a0%d7%a7-%d7%99%d7%a2%d7%9c-%d7%a8%d7%99%d7%99%d7%a1%d7%a4-2/
ok        9185ms MISS https://aravaff.co.il/director/%d7%9c%d7%99-%d7%a1%d7%90%d7%a0%d7%92%d6%be%d7%90%d7%99%d7%9c/
ok       13447ms MISS https://aravaff.co.il/director/%d7%9c%d7%99%d7%96-%d7%90%d7%a7%d7%95%d7%a7%d7%94-%d7%a8%d7%95%d7%9e%d7%9f-%d7%92%d7%a8%d7%94/
ok        9720ms MISS https://aravaff.co.il/director/%d7%9e%d7%90%d7%95%d7%a8%d7%94-%d7%93%d7%9c%d7%a4%d7%a8%d7%95/
ok        4693ms MISS https://aravaff.co.il/director/%d7%9e%d7%90%d7%a8%d7%99-%d7%90%d7%9e%d7%a9%d7%95%d7%a7%d7%9c%d7%99/
ok        5290ms MISS https://aravaff.co.il/director/%d7%9e%d7%90%d7%a9%d7%94-%d7%94%d7%9c%d7%91%d7%a8%d7%a1%d7%98%d7%90%d7%93-%d7%94%d7%95%d7%9c%d7%a0%d7%93/
ok        5548ms MISS https://aravaff.co.il/director/%d7%9e%d7%90%d7%99%d7%94-%d7%a7%d7%a0%d7%99%d7%92/
ok        7693ms MISS https://aravaff.co.il/director/%d7%9e%d7%95%d7%9c%d7%99-%d7%9e%d7%a0%d7%99%d7%a0%d7%92-%d7%95%d7%95%d7%a7%d7%a8/
ok       10347ms MISS https://aravaff.co.il/director/%d7%9e%d7%99%d7%99%d7%a7%d7%9c-%d7%93%d7%95%d7%93%d7%95%d7%a7-%d7%93%d7%94-%d7%95%d7%99%d7%98-2/
ok        5962ms MISS https://aravaff.co.il/director/%d7%9e%d7%99%d7%9b%d7%90%d7%9c-%d7%94%d7%a0%d7%a7%d7%94/
ok        7723ms MISS https://aravaff.co.il/director/%d7%93%d7%99%d7%99%d7%92%d7%95-%d7%a1%d7%a1%d7%a4%d7%93%d7%a1/
ok        7215ms MISS https://aravaff.co.il/director/%d7%9e%d7%99%d7%9c%d7%95%d7%a9-%d7%a4%d7%95%d7%a8%d7%9e%d7%9f/
ok        8293ms MISS https://aravaff.co.il/director/%d7%9e%d7%99%d7%99%d7%a7%d7%9c-%d7%a7%d7%95%d7%a8%d7%98%d7%99%d7%96/
ok        5780ms MISS https://aravaff.co.il/director/%d7%9e%d7%99%d7%a9%d7%9c-%d7%90%d7%95%d7%a1%d7%9c%d7%95-%d7%a8%d7%99%d7%99%d7%9e%d7%95%d7%a0%d7%93-%d7%91%d7%95%d7%a8%d7%9c%d7%94/
ok        6267ms MISS https://aravaff.co.il/director/%d7%9e%d7%90%d7%99%d7%94-%d7%a7%d7%a1%d7%9c/
error        0ms MISS https://aravaff.co.il/director/%d7%94%d7%99%d7%99%d7%90%d7%95-%d7%9e%d7%99%d7%90%d7%96%d7%90%d7%a7%d7%99/
ok        7780ms MISS https://aravaff.co.il/director/%d7%9e%d7%99%d7%9f-%d7%91%d7%94%d7%90%d7%93%d7%95%d7%a8-%d7%91%d7%94%d7%90%d7%9d/
ok       13208ms MISS https://aravaff.co.il/director/%d7%9e%d7%99%d7%a9%d7%9c-%d7%94%d7%96%d7%a0%d7%95%d7%95%d7%99%d7%a6%d7%99%d7%95%d7%a1/
ok       13432ms MISS https://aravaff.co.il/director/%d7%9e%d7%99%d7%a9%d7%9c-%d7%a4%d7%a8%d7%a0%d7%a7%d7%95/
ok       16979ms MISS https://aravaff.co.il/director/%d7%9e%d7%99%d7%a7%d7%9c%d7%90%d7%a0%d7%92%d7%9c%d7%95-%d7%90%d7%a0%d7%98%d7%95%d7%a0%d7%99%d7%95%d7%a0%d7%99/
ok       16437ms MISS https://aravaff.co.il/director/%d7%a1%d7%98%d7%a4%d7%9f-%d7%a7%d7%95%d7%9e%d7%a0%d7%93%d7%a8%d7%91/
ok       11683ms MISS https://aravaff.co.il/director/%d7%a0%d7%95%d7%a8%d7%99-%d7%91%d7%99%d7%9c%d7%92%d7%94-%d7%92%d7%99%d7%99%d7%9c%d7%9f/
ok       17976ms MISS https://aravaff.co.il/director/%d7%a1%d7%a8%d7%92%d7%99%d7%99-%d7%9c%d7%95%d7%96%d7%a0%d7%99%d7%a6%d7%94/
ok        7328ms MISS https://aravaff.co.il/director/%d7%a2%d7%9e%d7%a0%d7%95%d7%90%d7%9c-%d7%a4%d7%90%d7%a8%d7%91%d7%95/
ok        9511ms MISS https://aravaff.co.il/director/%d7%a4%d7%91%d7%9c%d7%95-%d7%91%d7%a8%d7%92%d7%a8/
ok        9426ms MISS https://aravaff.co.il/director/%d7%a2%d7%9e%d7%a8%d7%99-%d7%91%d7%a8%d7%96%d7%99%d7%9c%d7%99-%d7%95%d7%a2%d7%95%d7%9e%d7%a8-%d7%91%d7%9f-%d7%93%d7%95%d7%93/
ok       38959ms MISS https://aravaff.co.il/director/%d7%a4%d7%99%d7%90%d7%9c-%d7%a7%d7%a4%d7%90%d7%93%d7%99%d7%94/
ok       35354ms MISS https://aravaff.co.il/director/%d7%a1%d7%98%d7%a4%d7%a0%d7%99-%d7%93%d7%99-%d7%92%d7%99%d7%95%d7%a1%d7%98%d7%95/
ok       39133ms MISS https://aravaff.co.il/director/%d7%a1%d7%99%d7%95%d7%9f-%d7%9c%d7%95%d7%99-%d7%96%d7%a7%d7%99%d7%9f/
ok       38364ms MISS https://aravaff.co.il/director/%d7%a4%d7%95%d7%9c%d7%99%d7%9f-%d7%9c%d7%95%d7%a7%d7%94/
ok       15199ms MISS https://aravaff.co.il/director/%d7%a4%d7%a8%d7%a0%d7%a1%d7%99%d7%a1-%d7%a4%d7%95%d7%a8%d7%93-%d7%a7%d7%95%d7%a4%d7%95%d7%9c%d7%94/
ok        8051ms MISS https://aravaff.co.il/director/%d7%a7%d7%9c%d7%91%d7%a8-%d7%9e%d7%a0%d7%93%d7%95%d7%a0%d7%a1%d7%94%d6%be%d7%a4%d7%99%d7%9c%d7%99%d7%95/
ok        7477ms MISS https://aravaff.co.il/director/%d7%a7%d7%a8%d7%99%d7%9f-%d7%98%d7%a8%d7%93%d7%99%d7%99%d7%94/
ok        5184ms MISS https://aravaff.co.il/director/%d7%a7%d7%95%d7%94%d7%99%d7%99-%d7%90%d7%99%d7%92%d7%a8%d7%90%d7%a9%d7%99/
ok        5349ms MISS https://aravaff.co.il/director/%d7%a8%d7%95%d7%a0%d7%94-%d7%a1%d7%92%d7%9c/
ok        7392ms MISS https://aravaff.co.il/director/%d7%a8%d7%95%d7%9e%d7%9f-%d7%a4%d7%95%d7%9c%d7%a0%d7%a1%d7%a7%d7%99/
ok        5136ms MISS https://aravaff.co.il/director/%d7%a4%d7%93%d7%a8%d7%95-%d7%90%d7%9c%d7%9e%d7%95%d7%93%d7%95%d7%91%d7%a8/
ok        5002ms MISS https://aravaff.co.il/director/%d7%a8%d7%9e%d7%90%d7%98%d7%94%d6%be%d7%98%d7%95%d7%9c%d7%90%d7%99-%d7%a1%d7%99/
ok        6317ms MISS https://aravaff.co.il/director/%d7%a9%d7%95%d7%9f-%d7%91%d7%99%d7%99%d7%a7%d7%a8/
ok        7053ms MISS https://aravaff.co.il/director/%d7%a8%d7%99%d7%95%d7%a1%d7%95%d7%a7%d7%94-%d7%94%d7%9e%d7%92%d7%95%d7%a6%d7%99/
ok        5495ms MISS https://aravaff.co.il/director/%d7%a9%d7%99%d7%a8%d7%94-%d7%92%d7%a4%d7%9f/
ok        5472ms MISS https://aravaff.co.il/director/%d7%a9%d7%99%d7%a8%d7%94-%d7%92%d7%a4%d7%9f-%d7%a2%d7%9e%d7%a8%d7%99-%d7%91%d7%a8%d7%96%d7%99%d7%9c%d7%99-%d7%95%d7%a2%d7%95%d7%9e%d7%a8-%d7%91%d7%9f-%d7%93%d7%95%d7%93-%d7%a8%d7%95%d7%a0%d7%94/
ok        4923ms MISS https://aravaff.co.il/director/%d7%a9%d7%9e%d7%a8-%d7%92%d7%90%d7%95%d7%9f/
ok        8176ms MISS https://aravaff.co.il/director/%d7%a9%d7%99-%d7%a9%d7%99%d7%a0%d7%92-%d7%a6%d7%95/
ok       10436ms MISS https://aravaff.co.il/director/%d7%a8%d7%95%d7%a0%d7%99-%d7%91%d7%94%d7%98/
ok        9522ms MISS https://aravaff.co.il/%D7%A1%D7%A8%D7%98%D7%99-%D7%A7%D7%A8%D7%9F-%D7%A7%D7%95%D7%9C%D7%A0%D7%95%D7%A2-%D7%A2%D7%A8%D7%91%D7%94-2/
ok        6940ms MISS https://aravaff.co.il/director/%d7%a6%d7%b3%d7%a8%d7%9c%d7%99-%d7%a6%d7%b3%d7%a4%d7%9c%d7%99%d7%9f/
ok       10533ms MISS https://aravaff.co.il/director/%d7%aa%d7%95%d7%9d-%d7%a9%d7%95%d7%91%d7%9c/
ok        5158ms MISS https://aravaff.co.il/director/%d7%a8%d7%95%d7%a0%d7%90%d7%a8-%d7%a8%d7%95%d7%a0%d7%90%d7%a8%d7%a1%d7%95%d7%9f/
ok        6290ms MISS https://aravaff.co.il/hello-world/#main
ok       13770ms MISS https://aravaff.co.il/movies/%d7%94%d7%95%d7%a8%d7%99%d7%a7%d7%9f-%d7%9c%d7%9c%d7%99/#main
ok       14597ms MISS https://aravaff.co.il/movies/#main
ok        5697ms MISS https://aravaff.co.il/movies/%d7%a8%d7%95%d7%96%d7%90%d7%9c%d7%99/#main
ok       14944ms MISS https://aravaff.co.il/movies/%d7%94%d7%98%d7%99%d7%a8%d7%94-%d7%94%d7%a0%d7%a2%d7%94/#main
ok       11395ms MISS https://aravaff.co.il/movies/stop-making-sense/#main
ok        3816ms MISS https://aravaff.co.il/movies/%d7%90%d7%9e%d7%90-%d7%92%d7%9c%d7%95%d7%a8%d7%99%d7%94/#main
ok        3883ms MISS https://aravaff.co.il/movies/%d7%9c%d7%94-%d7%9b%d7%99%d7%9e%d7%a8%d7%94/#main
ok        3916ms MISS https://aravaff.co.il/movies/%d7%a2%d7%9c-%d7%a2%d7%a9%d7%91%d7%99%d7%9d-%d7%99%d7%91%d7%a9%d7%99%d7%9d/#main
ok        4785ms MISS https://aravaff.co.il/movies/%d7%a4%d7%95%d7%a0%d7%99%d7%95-%d7%a2%d7%9c-%d7%94%d7%a6%d7%95%d7%a7-%d7%9c%d7%99%d7%93-%d7%94%d7%99%d7%9d/#main
ok        8135ms MISS https://aravaff.co.il/movies/%d7%90%d7%a0%d7%98%d7%95%d7%9e%d7%99%d7%94-%d7%a9%d7%9c-%d7%a0%d7%a4%d7%99%d7%9c%d7%94/#main
ok       11787ms MISS https://aravaff.co.il/movies/%d7%90%d7%99%d7%9a-%d7%9c%d7%a2%d7%a9%d7%95%d7%aa-%d7%a1%d7%a7%d7%a1/#main
ok       12424ms MISS https://aravaff.co.il/movies/%d7%97%d7%93%d7%a8-%d7%94%d7%9e%d7%95%d7%a8%d7%99%d7%9d/#main
ok       12700ms MISS https://aravaff.co.il/en/movies/%d7%90%d7%a0%d7%98%d7%95%d7%9e%d7%99%d7%94-%d7%a9%d7%9c-%d7%a0%d7%a4%d7%99%d7%9c%d7%94/#main
ok       17770ms MISS https://aravaff.co.il/movies/%d7%99%d7%9d-%d7%98%d7%aa%d7%99%d7%a1/#main
ok        6183ms MISS https://aravaff.co.il/en/movies/%d7%97%d7%93%d7%a8-%d7%94%d7%9e%d7%95%d7%a8%d7%99%d7%9d/#main
ok       25591ms MISS https://aravaff.co.il/en/movies/%d7%97%d7%9c%d7%95%d7%9e%d7%95%d7%aa-%d7%a9%d7%9c-%d7%a8%d7%95%d7%91%d7%95%d7%98/#main
ok       19648ms MISS https://aravaff.co.il/movies/%d7%96%d7%9b%d7%a8%d7%95%d7%a0%d7%95%d7%aa/#main
ok       22591ms MISS https://aravaff.co.il/en/movies/20-%d7%90%d7%9c%d7%a3-%d7%9e%d7%99%d7%a0%d7%99%d7%9d-%d7%a9%d7%9c-%d7%93%d7%91%d7%95%d7%a8%d7%99%d7%9d/#main
ok       20898ms MISS https://aravaff.co.il/en/movies/%d7%90%d7%99%d7%9a-%d7%9c%d7%a2%d7%a9%d7%95%d7%aa-%d7%a1%d7%a7%d7%a1/#main
ok       10581ms MISS https://aravaff.co.il/en/movies/%d7%a2%d7%9c-%d7%a2%d7%a9%d7%91%d7%99%d7%9d-%d7%99%d7%91%d7%a9%d7%99%d7%9d/#main
ok       10814ms MISS https://aravaff.co.il/movies/%d7%91%d7%90%d7%a0%d7%9c-%d7%95%d7%90%d7%93%d7%9e%d7%94/#main
ok        6594ms MISS https://aravaff.co.il/movies/%d7%94%d7%a8%d7%95%d7%a2-%d7%90%d7%99%d7%a0%d7%95-%d7%a7%d7%99%d7%99%d7%9d/#main
ok       12184ms MISS https://aravaff.co.il/en/movies/%d7%99%d7%9d-%d7%98%d7%aa%d7%99%d7%a1/#main
ok        4094ms MISS https://aravaff.co.il/movies/%d7%a2%d7%9c%d7%99-%d7%a9%d7%9c%d7%9b%d7%aa/#main
ok        3799ms MISS https://aravaff.co.il/en/movies/%d7%a8%d7%95%d7%96%d7%90%d7%9c%d7%99/#main
ok        3928ms MISS https://aravaff.co.il/en/movies/%d7%91%d7%90%d7%a0%d7%9c-%d7%95%d7%90%d7%93%d7%9e%d7%94/#main
ok       99288ms MISS https://aravaff.co.il/en/movies/%d7%a7%d7%96%d7%91%d7%9c%d7%a0%d7%a7%d7%94/#main
ok       61006ms MISS https://aravaff.co.il/movies/%d7%99%d7%9e%d7%99%d7%9d-%d7%9e%d7%95%d7%a9%d7%9c%d7%9e%d7%99%d7%9d/#main
ok       54143ms MISS https://aravaff.co.il/en/movies/%d7%93%d7%a0%d7%99%d7%90%d7%9c-%d7%90%d7%95%d7%99%d7%a2%d7%a8%d7%91%d7%90%d7%9a/#main
ok       61059ms MISS https://aravaff.co.il/en/movies/%d7%94%d7%95%d7%a8%d7%99%d7%a7%d7%9f-%d7%9c%d7%9c%d7%99/#main
ok       54306ms MISS https://aravaff.co.il/en/movies/%d7%a2%d7%9c%d7%99-%d7%a9%d7%9c%d7%9b%d7%aa/#main
ok       45986ms MISS https://aravaff.co.il/movies/%d7%a7%d7%96%d7%91%d7%9c%d7%a0%d7%a7%d7%94/#main
ok        5654ms MISS https://aravaff.co.il/en/movies/%d7%99%d7%9e%d7%99%d7%9d-%d7%9e%d7%95%d7%a9%d7%9c%d7%9e%d7%99%d7%9d/#main
ok       38022ms MISS https://aravaff.co.il/en/movies/%d7%a4%d7%95%d7%a0%d7%99%d7%95-%d7%a2%d7%9c-%d7%94%d7%a6%d7%95%d7%a7-%d7%9c%d7%99%d7%93-%d7%94%d7%99%d7%9d/#main
ok        4254ms MISS https://aravaff.co.il/en/movies/%d7%94%d7%a8%d7%95%d7%a2-%d7%90%d7%99%d7%a0%d7%95-%d7%a7%d7%99%d7%99%d7%9d/#main
ok        7491ms MISS https://aravaff.co.il/en/movies/%d7%96%d7%9b%d7%a8%d7%95%d7%a0%d7%95%d7%aa/#main
ok        3947ms MISS https://aravaff.co.il/en/movies/stop-making-sense/#main
ok        3816ms MISS https://aravaff.co.il/movies/%d7%93%d7%a0%d7%99%d7%90%d7%9c-%d7%90%d7%95%d7%99%d7%a2%d7%a8%d7%91%d7%90%d7%9a/#main
ok        5440ms MISS https://aravaff.co.il/en/movies/%d7%94%d7%99%d7%9c%d7%93-%d7%95%d7%94%d7%90%d7%a0%d7%a4%d7%94/#main
ok        6848ms MISS https://aravaff.co.il/en/movies/%d7%94%d7%98%d7%99%d7%a8%d7%94-%d7%94%d7%a0%d7%a2%d7%94/#main
ok        4294ms MISS https://aravaff.co.il/movies/20-%d7%90%d7%9c%d7%a3-%d7%9e%d7%99%d7%a0%d7%99%d7%9d-%d7%a9%d7%9c-%d7%93%d7%91%d7%95%d7%a8%d7%99%d7%9d/#main
ok        4197ms MISS https://aravaff.co.il/movies/%d7%90%d7%96%d7%95%d7%a8-%d7%94%d7%a2%d7%a0%d7%99%d7%99%d7%9f/#main
ok        4482ms MISS https://aravaff.co.il/movies/%d7%97%d7%9c%d7%95%d7%9e%d7%95%d7%aa-%d7%a9%d7%9c-%d7%a8%d7%95%d7%91%d7%95%d7%98/#main
ok        7358ms MISS https://aravaff.co.il/en/movies/%d7%9c%d7%94-%d7%9b%d7%99%d7%9e%d7%a8%d7%94/#main
ok       11967ms MISS https://aravaff.co.il/movies/%d7%94%d7%99%d7%9c%d7%93-%d7%95%d7%94%d7%90%d7%a0%d7%a4%d7%94/#main
ok       13214ms MISS https://aravaff.co.il/movies/%d7%9c%d7%90-%d7%94%d7%a9%d7%91%d7%aa-%d7%a9%d7%9c%d7%99/#main
ok       10276ms MISS https://aravaff.co.il/en/movies/%d7%90%d7%9e%d7%90-%d7%92%d7%9c%d7%95%d7%a8%d7%99%d7%94/#main
ok       13686ms MISS https://aravaff.co.il/movies/%d7%a1%d7%a8%d7%98%d7%99-%d7%a7%d7%a8%d7%9f-%d7%94%d7%a7%d7%95%d7%9c%d7%a0%d7%95%d7%a2-%d7%a2%d7%a8%d7%91%d7%94/#main
ok        9230ms MISS https://aravaff.co.il/en/movies/the-story-of-souleymane/#main
ok        4189ms MISS https://aravaff.co.il/en/movies/kirikou-and-the-sorceress/#main
ok        3966ms MISS https://aravaff.co.il/en/movies/when-the-light-breaks/#main
ok        4120ms MISS https://aravaff.co.il/en/movies/the-conversation/#main
ok        4143ms MISS https://aravaff.co.il/en/movies/%d7%90%d7%96%d7%95%d7%a8-%d7%94%d7%a2%d7%a0%d7%99%d7%99%d7%9f/#main
ok        4206ms MISS https://aravaff.co.il/en/movies/seven-samurai/#main
ok        4096ms MISS https://aravaff.co.il/en/movies/wild-diamond/#main
ok        7049ms MISS https://aravaff.co.il/movies/%d7%97%d7%9c%d7%9c/#main
ok        6162ms MISS https://aravaff.co.il/en/movies/holy-cow/#main
ok        7822ms MISS https://aravaff.co.il/en/movies/gloria/#main
ok        3912ms MISS https://aravaff.co.il/en/movies/three-kilometers-to-the-end-of-the-world/#main
ok        5391ms MISS https://aravaff.co.il/en/movies/vermiglio/#main
ok        7991ms MISS https://aravaff.co.il/en/movies/the-red-turtle/#main
ok       11778ms MISS https://aravaff.co.il/en/movies/the-most-precious-of-cargos/#main
ok        8012ms MISS https://aravaff.co.il/en/movies/shambhala/#main
ok        9072ms MISS https://aravaff.co.il/en/?p=4995&post_type=movies
ok        6274ms MISS https://aravaff.co.il/movies/%d7%9e%d7%96%d7%9c-%d7%93%d7%92%d7%99%d7%9d/#main
ok        4694ms MISS https://aravaff.co.il/movies/%d7%a9%d7%9b%d7%91%d7%95%d7%aa/#main
ok        7815ms MISS https://aravaff.co.il/movies/%d7%a4%d7%a0%d7%a1-%d7%91%d7%95%d7%93%d7%93/#main
ok        3689ms MISS https://aravaff.co.il/movies/%d7%9c%d7%a9%d7%97%d7%95%d7%aa-%d7%a2%d7%9d-%d7%9b%d7%a0%d7%a4%d7%99%d7%99%d7%9d/#main
ok        3900ms MISS https://aravaff.co.il/movies/%d7%aa%d7%97%d7%a8%d7%95%d7%aa-%d7%9c%d7%a1%d7%a8%d7%98%d7%99%d7%9d-%d7%99%d7%a9%d7%a8%d7%90%d7%9c%d7%99%d7%9d-%d7%a2%d7%9c%d7%99%d7%9c%d7%aa%d7%99%d7%99%d7%9d-%d7%a7%d7%a6%d7%a8%d7%99%d7%9d-2/#main
ok        5526ms MISS https://aravaff.co.il/movies/%d7%a4%d7%a8%d7%94-%d7%a4%d7%a8%d7%94/#main
ok        4182ms MISS https://aravaff.co.il/movies/%d7%93%d7%92-%d7%97%d7%9d/#main
ok        4114ms MISS https://aravaff.co.il/movies/%d7%a1%d7%97%d7%95%d7%a8%d7%94-%d7%99%d7%a7%d7%a8%d7%94-%d7%9e%d7%9b%d7%9c/#main
ok        4096ms MISS https://aravaff.co.il/movies/%d7%a7%d7%99%d7%a8%d7%99%d7%a7%d7%95-%d7%95%d7%94%d7%9e%d7%9b%d7%a9%d7%a4%d7%94/#main
ok        3885ms MISS https://aravaff.co.il/movies/%d7%9b%d7%a9%d7%94%d7%90%d7%95%d7%a8-%d7%a0%d7%a9%d7%91%d7%a8/#main
ok        4789ms MISS https://aravaff.co.il/movies/%d7%94%d7%a1%d7%99%d7%a4%d7%95%d7%a8-%d7%a9%d7%9c-%d7%a1%d7%95%d7%9c%d7%99%d7%9e%d7%90%d7%9f/#main
ok        3878ms MISS https://aravaff.co.il/movies/%d7%94%d7%a9%d7%99%d7%97%d7%94/#main
ok        3690ms MISS https://aravaff.co.il/movies/%d7%a9%d7%91%d7%a2%d7%aa-%d7%94%d7%a1%d7%9e%d7%95%d7%a8%d7%90%d7%99%d7%9d/#main
ok        7132ms MISS https://aravaff.co.il/movies/%d7%a2%d7%9d-%d7%94%d7%96%d7%a8%d7%9d/#main
ok        7334ms MISS https://aravaff.co.il/movies/%d7%99%d7%94%d7%9c%d7%95%d7%9d-%d7%a4%d7%a8%d7%95%d7%a2/#main
ok        7482ms MISS https://aravaff.co.il/movies/%d7%9b%d7%9c%d7%aa-%d7%94%d7%94%d7%a8/#main
ok        3597ms MISS https://aravaff.co.il/movies/%d7%a9%d7%9e%d7%91%d7%94%d7%90%d7%9c%d7%94/#main
ok        3798ms MISS https://aravaff.co.il/movies/%d7%a9%d7%9c%d7%95%d7%a9%d7%94-%d7%a7%d7%99%d7%9c%d7%95%d7%9e%d7%98%d7%a8%d7%99%d7%9d-%d7%9e%d7%a1%d7%95%d7%a3-%d7%94%d7%a2%d7%95%d7%9c%d7%9d/#main
ok        4089ms MISS https://aravaff.co.il/movies/%d7%94%d7%a6%d7%91-%d7%94%d7%90%d7%93%d7%95%d7%9d/#main
ok        3744ms MISS https://aravaff.co.il/movies/%d7%92%d7%9c%d7%95%d7%a8%d7%99%d7%94/#main
ok        4097ms MISS https://aravaff.co.il/en/movies/the-milky-way/#main
ok        4486ms MISS https://aravaff.co.il/movies/%d7%9e%d7%9b%d7%aa%d7%91-%d7%90%d7%9c-%d7%94%d7%90%d7%91/#main
ok        4009ms MISS https://aravaff.co.il/en/movies/a-letter-to-the-father/#main
ok        3822ms MISS https://aravaff.co.il/en/movies/not-my-weekend/#main
ok        4401ms MISS https://aravaff.co.il/en/movies/the-event-horizon/#main
ok        5186ms MISS https://aravaff.co.il/movies/%d7%90%d7%95%d7%a4%d7%a7-%d7%94%d7%90%d7%99%d7%a8%d7%95%d7%a2%d7%99%d7%9d/#main
ok        6072ms MISS https://aravaff.co.il/en/movies/flow/#main
ok        3864ms MISS https://aravaff.co.il/movies/%d7%90%d7%a0%d7%99-%d7%a2%d7%93%d7%99%d7%99%d7%9f-%d7%9b%d7%90%d7%9f/#main
ok        3922ms MISS https://aravaff.co.il/en/movies/im-still-here/#main
ok        3976ms MISS https://aravaff.co.il/en/movies/bird/#main
ok        3916ms MISS https://aravaff.co.il/movies/%d7%a9%d7%99%d7%a2%d7%a8/#main
ok        6485ms MISS https://aravaff.co.il/movies/%d7%92%d7%91%d7%95%d7%9c/#main
error        0ms MISS https://aravaff.co.il/en/?post_type=movies&p=4995
ok        6782ms MISS https://aravaff.co.il/movies/%d7%90%d7%a0%d7%95%d7%a8%d7%94/#main
ok       10391ms MISS https://aravaff.co.il/en/movies/shorts-in-the-desert-2/#main
ok       10090ms MISS https://aravaff.co.il/en/movies/anora/#main
ok       12215ms MISS https://aravaff.co.il/movies/%d7%9e%d7%90%d7%95%d7%a9%d7%a8-%d7%9c%d7%a0%d7%a6%d7%97/#main
ok        7939ms MISS https://aravaff.co.il/movies/%d7%9e%d7%94-%d7%a9%d7%9e%d7%97%d7%91%d7%a8-%d7%91%d7%99%d7%a0%d7%99%d7%a0%d7%95/#main
ok        8003ms MISS https://aravaff.co.il/movies/%d7%9b%d7%9c%d7%91-%d7%a9%d7%97%d7%95%d7%a8/#main
ok        6697ms MISS https://aravaff.co.il/en/movies/super-happy-forever/#main
ok        3775ms MISS https://aravaff.co.il/movies/%d7%9b%d7%9c-%d7%9e%d7%94-%d7%a9%d7%90%d7%a0%d7%97%d7%a0%d7%95-%d7%9e%d7%93%d7%9e%d7%99%d7%99%d7%a0%d7%99%d7%9d-%d7%9b%d7%90%d7%95%d7%a8/#main
ok        3993ms MISS https://aravaff.co.il/en/movies/all-we-imagine-as-light/#main
ok        5734ms MISS https://aravaff.co.il/movies/%d7%97%d7%9c%d7%91/#main
ok        7675ms MISS https://aravaff.co.il/en/movies/hair/#main
ok       11323ms MISS https://aravaff.co.il/en/movies/paris-texas/#main
ok       15156ms MISS https://aravaff.co.il/en/movies/the-ties-that-bind-us/#main
ok        9572ms MISS https://aravaff.co.il/movies/%d7%94%d7%97%d7%93%d7%a8-%d7%94%d7%a1%d7%9e%d7%95%d7%9a/#main
ok       52549ms MISS https://aravaff.co.il/en/movies/the-room-next-door/#main
ok       42919ms MISS https://aravaff.co.il/en/movies/adams-sake/#main
ok       33859ms MISS https://aravaff.co.il/movies/%d7%a4%d7%a8%d7%99%d7%96-%d7%98%d7%a7%d7%a1%d7%a1/#main
ok       24879ms MISS https://aravaff.co.il/movies/%d7%a4%d7%a8%d7%a0%d7%a6%d7%b3/#main
ok       18707ms MISS https://aravaff.co.il/en/movies/black-dog/#main
ok       16430ms MISS https://aravaff.co.il/en/movies/a-burning-man/#main
ok       13204ms MISS https://aravaff.co.il/en/movies/chinatown/#main
ok        7898ms MISS https://aravaff.co.il/en/movies/the-white-ribbon/#main
ok        9261ms MISS https://aravaff.co.il/en/movies/the-sting/#main
ok       11120ms MISS https://aravaff.co.il/en/movies/surfs-up/#main
ok       11367ms MISS https://aravaff.co.il/en/movies/kokuho/#main
ok        3622ms MISS https://aravaff.co.il/en/movies/%d7%94%d7%91%d7%94%d7%9c%d7%94-%d7%9c%d7%96%d7%94%d7%91/#main
ok        3515ms MISS https://aravaff.co.il/en/movies/the-country-calls-you/#main
ok        3486ms MISS https://aravaff.co.il/en/movies/dalias-tea-casts-a-shadow-on-mount-fuji/#main
ok        3493ms MISS https://aravaff.co.il/en/movies/summer-beats/#main
ok        4073ms MISS https://aravaff.co.il/en/movies/%d7%a2%d7%a8%d7%9a-%d7%a1%d7%a0%d7%98%d7%99%d7%9e%d7%a0%d7%98%d7%9c%d7%99/#main
ok        4311ms MISS https://aravaff.co.il/en/movies/fox-and-hare-save-the-forest/#main
ok        5880ms MISS https://aravaff.co.il/en/movies/blow-up/#main
ok        7206ms MISS https://aravaff.co.il/en/movies/left-handed-girl/#main
ok        7498ms MISS https://aravaff.co.il/en/movies/the-secret-agent/#main
ok        5979ms MISS https://aravaff.co.il/movies/%d7%94%d7%91%d7%95%d7%96/#main
ok        6468ms MISS https://aravaff.co.il/en/movies/silent-friend/#main
ok        8112ms MISS https://aravaff.co.il/movies/%d7%a1%d7%a8%d7%98-%d7%9c%d7%91%d7%9f/#main
ok       10369ms MISS https://aravaff.co.il/en/movies/made-in-eu/#main
ok       12185ms MISS https://aravaff.co.il/movies/%d7%a7%d7%95%d7%a7%d7%95%d7%94%d7%95/#main
ok        5875ms MISS https://aravaff.co.il/movies/%d7%94%d7%97%d7%91%d7%a8-%d7%94%d7%a9%d7%a7%d7%98/#main
ok        3397ms MISS https://aravaff.co.il/movies/%d7%94%d7%9e%d7%93%d7%99%d7%a0%d7%94-%d7%a7%d7%95%d7%a8%d7%90%d7%aa-%d7%9c%d7%9a/#main
ok        4028ms MISS https://aravaff.co.il/movies/%d7%94%d7%aa%d7%94-%d7%a9%d7%9c-%d7%93%d7%9c%d7%99%d7%94-%d7%9e%d7%98%d7%99%d7%9c-%d7%a6%d7%9c-%d7%a2%d7%9c-%d7%94%d7%a8-%d7%a4%d7%95%d7%92%d7%99/#main
ok        3698ms MISS https://aravaff.co.il/movies/%d7%91%d7%a9%d7%91%d7%99%d7%9c-%d7%90%d7%93%d7%9d/#main
ok        4175ms MISS https://aravaff.co.il/movies/%d7%a9%d7%95%d7%a2%d7%9c-%d7%95%d7%90%d7%a8%d7%a0%d7%91%d7%aa-%d7%9e%d7%a6%d7%99%d7%9c%d7%99%d7%9d-%d7%90%d7%aa-%d7%94%d7%99%d7%a2%d7%a8/#main
ok        5197ms MISS https://aravaff.co.il/movies/%d7%aa%d7%95%d7%a6%d7%a8%d7%aa-%d7%90%d7%99%d7%a8%d7%95%d7%a4%d7%94/#main
ok        3509ms MISS https://aravaff.co.il/en/movies/nandauri/#main
ok        3808ms MISS https://aravaff.co.il/movies/%d7%90%d7%97%d7%a8%d7%99-%d7%9c%d7%95%d7%a1%d7%99%d7%94/#main
ok        3574ms MISS https://aravaff.co.il/movies/%d7%99%d7%a6%d7%a8%d7%99%d7%9d/#main
ok        3631ms MISS https://aravaff.co.il/en/movies/dj-ahmet/#main
ok        3756ms MISS https://aravaff.co.il/movies/%d7%94%d7%90%d7%97%d7%95%d7%aa-%d7%94%d7%a7%d7%98%d7%a0%d7%94/#main
ok        5239ms MISS https://aravaff.co.il/movies/%d7%a0%d7%90%d7%a0%d7%93%d7%90%d7%95%d7%a8%d7%99/#main
ok        3490ms MISS https://aravaff.co.il/movies/%d7%94%d7%9e%d7%91%d7%98-%d7%94%d7%9e%d7%a1%d7%aa%d7%95%d7%a8%d7%99-%d7%a9%d7%9c-%d7%94%d7%a4%d7%9c%d7%9e%d7%99%d7%a0%d7%92%d7%95/#main
ok        3834ms MISS https://aravaff.co.il/en/movies/the-mysterious-gaze-of-the-flamingo/#main
ok        3999ms MISS https://aravaff.co.il/movies/%d7%9e%d7%97%d7%a0%d7%94-%d7%a7%d7%99%d7%a5/#main
ok        6984ms MISS https://aravaff.co.il/movies/%d7%94%d7%a1%d7%95%d7%9b%d7%9f-%d7%94%d7%97%d7%a9%d7%90%d7%99/#main
ok        9005ms MISS https://aravaff.co.il/en/movies/the-little-sister/#main
ok       10479ms MISS https://aravaff.co.il/movies/%d7%94%d7%a2%d7%95%d7%a7%d7%a5/#main
ok        7833ms MISS https://aravaff.co.il/movies/%d7%a6%d7%b3%d7%99%d7%99%d7%a0%d7%94%d7%98%d7%90%d7%95%d7%9f/#main
ok        8124ms MISS https://aravaff.co.il/en/movies/two-prosecutors/#main
ok        6075ms MISS https://aravaff.co.il/en/movies/le-mepris-contempt/#main
ok        4295ms MISS https://aravaff.co.il/movies/%d7%94%d7%99%d7%9c%d7%93%d7%94-%d7%94%d7%a9%d7%9e%d7%90%d7%9c%d7%99%d7%aa/#main
ok        3709ms MISS https://aravaff.co.il/en/movies/meteors-2/#main
ok        3767ms MISS https://aravaff.co.il/movies/%d7%9c%d7%94%d7%96%d7%99%d7%96-%d7%94%d7%a8%d7%99%d7%9d/#main
ok        3907ms MISS https://aravaff.co.il/movies/%d7%a0%d7%99%d7%a0%d7%95/#main
ok        3912ms MISS https://aravaff.co.il/en/movies/nino/#main
ok        3692ms MISS https://aravaff.co.il/movies/%d7%9e%d7%9b%d7%aa%d7%91-%d7%9c%d7%93%d7%95%d7%99%d7%93/#main
ok        8285ms MISS https://aravaff.co.il/movies/%d7%91%d7%a2%d7%91%d7%95%d7%93%d7%94/#main
ok        7861ms MISS https://aravaff.co.il/movies/%d7%a2%d7%a8%d7%9a-%d7%a1%d7%a0%d7%98%d7%99%d7%9e%d7%a0%d7%98%d7%9c%d7%99/#main
ok       20161ms MISS https://aravaff.co.il/movies/%d7%91%d7%a8%d7%a0%d7%99%d7%a0%d7%92-%d7%9e%d7%9f/#main
ok       15427ms MISS https://aravaff.co.il/movies/%d7%a1%d7%99%d7%a4%d7%95%d7%a8%d7%9d-%d7%a9%d7%9c-%d7%a9%d7%a0%d7%99-%d7%a4%d7%a8%d7%a7%d7%9c%d7%99%d7%98%d7%99%d7%9d/#main
ok       15384ms MISS https://aravaff.co.il/en/movies/leave-one-day/#main
ok       17073ms MISS https://aravaff.co.il/movies/%d7%9c%d7%a2%d7%96%d7%95%d7%91-%d7%99%d7%95%d7%9d-%d7%90%d7%97%d7%93/#main
ok        5871ms MISS https://aravaff.co.il/en/movies/at-work/#main
ok        5986ms MISS https://aravaff.co.il/movies/%d7%a7%d7%a6%d7%a8-%d7%91%d7%9e%d7%93%d7%91%d7%a8-%d7%a1%d7%a8%d7%98%d7%99-%d7%a7%d7%a8%d7%9f-%d7%a7%d7%95%d7%9c%d7%a0%d7%95%d7%a2-%d7%94%d7%a0%d7%92%d7%91-%d7%94%d7%9e%d7%90%d7%95%d7%97%d7%93/#main
ok        6016ms MISS https://aravaff.co.il/en/movies/negev-film-fund/#main
ok        9713ms MISS https://aravaff.co.il/#main
ok        7713ms MISS https://aravaff.co.il/%d7%90%d7%95%d7%93%d7%95%d7%aa/
ok        4648ms MISS https://aravaff.co.il/%d7%90%d7%99%d7%a8%d7%95%d7%a2%d7%99%d7%9d/#main
ok        7275ms MISS https://aravaff.co.il/en/movies/#main
ok        7500ms MISS https://aravaff.co.il/%d7%a6%d7%95%d7%a8-%d7%a7%d7%a9%d7%a8/#main
ok        4330ms MISS https://aravaff.co.il/en/%d7%90%d7%99%d7%a8%d7%95%d7%a2%d7%99%d7%9d/#main
ok        5794ms MISS https://aravaff.co.il/%d7%90%d7%a8%d7%9b%d7%99%d7%95%d7%9f/#main
ok       10493ms MISS https://aravaff.co.il/en/contact-us/#main
ok       10397ms MISS https://aravaff.co.il/en/accommodation-packages/#main
ok        5002ms MISS https://aravaff.co.il/en/%d7%94%d7%a6%d7%94%d7%a8%d7%aa-%d7%a0%d7%92%d7%99%d7%a9%d7%95%d7%aa/#main
ok        8985ms MISS https://aravaff.co.il/en/arava-film-fund-new/#main
error        0ms MISS https://aravaff.co.il/movies/%d7%9e%d7%98%d7%90%d7%95%d7%a8%d7%99%d7%9d/#main
ok       16580ms MISS https://aravaff.co.il/en/
ok       17486ms MISS https://aravaff.co.il/%d7%94%d7%a6%d7%94%d7%a8%d7%aa-%d7%a0%d7%92%d7%99%d7%a9%d7%95%d7%aa/#main
ok       18998ms MISS https://aravaff.co.il/en/%d7%90%d7%a8%d7%9b%d7%99%d7%95%d7%9f/#main
ok       33945ms MISS https://aravaff.co.il/en/%d7%9c%d7%99%d7%a0%d7%94-%d7%91%d7%9e%d7%aa%d7%97%d7%9d/
ok       33799ms MISS https://aravaff.co.il/%d7%a1%d7%a8%d7%98%d7%99-%d7%a7%d7%a8%d7%9f-%d7%a7%d7%95%d7%9c%d7%a0%d7%95%d7%a2-%d7%a2%d7%a8%d7%91%d7%94/#main
ok       14395ms MISS https://aravaff.co.il/%d7%a7%d7%94%d7%99%d7%9c%d7%aa-%d7%a4%d7%a1%d7%98%d7%99%d7%91%d7%9c-%d7%a2%d7%a8%d7%91%d7%94/#main
ok       13793ms MISS https://aravaff.co.il/%d7%90%d7%95%d7%93%d7%95%d7%aa-%d7%a0%d7%99%d7%a1%d7%99%d7%95%d7%9f/#main
error        0ms MISS https://aravaff.co.il/movies/%d7%94%d7%91%d7%94%d7%9c%d7%94-%d7%9c%d7%96%d7%94%d7%91/#main
ok       22470ms MISS https://aravaff.co.il/en/about/#main
ok       16168ms MISS https://aravaff.co.il/en/all-films/#main
ok       16635ms MISS https://aravaff.co.il/%d7%9c%d7%99%d7%a0%d7%94-%d7%91%d7%9e%d7%aa%d7%97%d7%9d/#main
ok       16303ms MISS https://aravaff.co.il/%d7%9c%d7%95%d7%97-%d7%94%d7%a7%d7%a8%d7%a0%d7%95%d7%aa/#main
ok       17622ms MISS https://aravaff.co.il/en/program/#main
ok       17560ms MISS https://aravaff.co.il/en/%d7%a1%d7%a8%d7%98%d7%99-%d7%a7%d7%a8%d7%9f-%d7%a7%d7%95%d7%9c%d7%a0%d7%95%d7%a2-%d7%a2%d7%a8%d7%91%d7%94-2/#main
ok       18591ms MISS https://aravaff.co.il/%d7%9b%d7%9c-%d7%94%d7%a1%d7%a8%d7%98%d7%99%d7%9d/#main
ok       13268ms MISS https://aravaff.co.il/%d7%a1%d7%a8%d7%98%d7%99-%d7%a7%d7%a8%d7%9f-%d7%a7%d7%95%d7%9c%d7%a0%d7%95%d7%a2-%d7%a0%d7%92%d7%91-%d7%94%d7%9e%d7%90%d7%95%d7%97%d7%93%d7%aa/#main
ok       13223ms MISS https://aravaff.co.il/news/#main
ok       13099ms MISS https://aravaff.co.il/news/%d7%9c%d7%95%d7%a8%d7%9d-%d7%a9%d7%aa%d7%99%d7%99%d7%9d/#main
ok        5901ms MISS https://aravaff.co.il/en/category/%d7%9c%d7%9c%d7%90-%d7%a7%d7%98%d7%92%d7%95%d7%a8%d7%99%d7%94/#main
ok        7519ms MISS https://aravaff.co.il/archive/2023/#main
ok        9091ms MISS https://aravaff.co.il/news/%d7%9c%d7%95%d7%a8%d7%9d-%d7%90%d7%99%d7%a4%d7%a1%d7%95%d7%9d/#main
ok        9853ms MISS https://aravaff.co.il/archive/2024/#main
ok        9181ms MISS https://aravaff.co.il/%d7%a1%d7%a8%d7%98%d7%99-%d7%a7%d7%a8%d7%9f-%d7%a7%d7%95%d7%9c%d7%a0%d7%95%d7%a2-%d7%a2%d7%a8%d7%91%d7%94-2/#main
ok        6525ms MISS https://aravaff.co.il/%d7%9b%d7%a8%d7%98%d7%99%d7%a1%d7%99%d7%9d/#main
ok        9530ms MISS https://aravaff.co.il/en/archive/2024-en/#main
ok        7809ms MISS https://aravaff.co.il/en/archive/2025-en/#main
ok       11663ms MISS https://aravaff.co.il/en/#main
ok        4751ms MISS https://aravaff.co.il/%D7%A1%D7%A8%D7%98%D7%99-%D7%A7%D7%A8%D7%9F-%D7%A7%D7%95%D7%9C%D7%A0%D7%95%D7%A2-%D7%A2%D7%A8%D7%91%D7%94-2/#main
ok        6635ms MISS https://aravaff.co.il/archive/2025/#main
ok        6358ms MISS https://aravaff.co.il/en/archive/2023/#main
error        0ms MISS https://aravaff.co.il/en/news/#main
ok       13831ms MISS https://aravaff.co.il/en/?p=4995&post_type=movies#main
ok        8116ms MISS https://aravaff.co.il/en/movies/after-lucia/
ok        9183ms MISS https://aravaff.co.il/movies/%d7%aa%d7%a4%d7%95%d7%a1-%d7%aa%d7%b3%d7%92%d7%9c%d7%99%d7%9d/
ok       10085ms MISS https://aravaff.co.il/en/news/%d7%9c%d7%95%d7%a8%d7%9d-%d7%90%d7%99%d7%a4%d7%a1%d7%95%d7%9d/
ok       11318ms MISS https://aravaff.co.il/en/director/pedro-almodovar/
ok        8648ms MISS https://aravaff.co.il/en/?post_type=movies&p=4995
ok       14865ms MISS https://aravaff.co.il/en/director/pablo-berger/
ok        3766ms MISS https://aravaff.co.il/movies/%d7%94%d7%91%d7%94%d7%9c%d7%94-%d7%9c%d7%96%d7%94%d7%91/#main
ok        4620ms MISS https://aravaff.co.il/en/news/#main
ok        3694ms MISS https://aravaff.co.il/movies/%d7%9e%d7%98%d7%90%d7%95%d7%a8%d7%99%d7%9d/#main
ok        5466ms MISS https://aravaff.co.il/movies/%d7%91%d7%99%d7%a8%d7%93/
ok        7090ms MISS https://aravaff.co.il/director/%d7%94%d7%99%d7%99%d7%90%d7%95-%d7%9e%d7%99%d7%90%d7%96%d7%90%d7%a7%d7%99/
ok       11019ms MISS https://aravaff.co.il/en/director/shih-ching-tsou/
