=== CI Scraper Sat May 30 10:31:26 IDT 2026 ===
  104 post sitemaps (0000-00 excluded, recent-first)
  [1/104] 15 films from sitemap, total OK: 15, 0min
  [2/104] 21 films from sitemap, total OK: 21, 0min
  [3/104] 37 films from sitemap, total OK: 37, 1min
  [4/104] 47 films from sitemap, total OK: 47, 2min
  [5/104] 69 films from sitemap, total OK: 69, 2min
  [6/104] 81 films from sitemap, total OK: 81, 3min
  [7/104] 83 films from sitemap, total OK: 83, 3min
  [8/104] 85 films from sitemap, total OK: 85, 3min
  [9/104] 97 films from sitemap, total OK: 97, 4min
  [10/104] 136 films from sitemap, total OK: 136, 5min
  [11/104] 136 films from sitemap, total OK: 136, 5min
  [12/104] 136 films from sitemap, total OK: 136, 5min
  [13/104] 137 films from sitemap, total OK: 137, 6min
  [14/104] 139 films from sitemap, total OK: 139, 6min
  [15/104] 141 films from sitemap, total OK: 141, 6min
  [16/104] 142 films from sitemap, total OK: 142, 6min
  [17/104] 173 films from sitemap, total OK: 173, 7min
  [18/104] 177 films from sitemap, total OK: 177, 7min
  [19/104] 177 films from sitemap, total OK: 177, 7min
  [20/104] 189 films from sitemap, total OK: 189, 8min
  [21/104] 192 films from sitemap, total OK: 192, 8min
  [22/104] 196 films from sitemap, total OK: 196, 8min
  [23/104] 197 films from sitemap, total OK: 197, 8min
  [24/104] 204 films from sitemap, total OK: 204, 8min
  [25/104] 224 films from sitemap, total OK: 224, 9min
  [26/104] 239 films from sitemap, total OK: 239, 10min
  [27/104] 241 films from sitemap, total OK: 241, 10min
  [28/104] 245 films from sitemap, total OK: 245, 10min
  [29/104] 265 films from sitemap, total OK: 265, 11min
  [30/104] 316 films from sitemap, total OK: 316, 13min
  [31/104] 337 films from sitemap, total OK: 337, 13min
  [32/104] 359 films from sitemap, total OK: 359, 14min
  [33/104] 362 films from sitemap, total OK: 362, 14min
  [34/104] 369 films from sitemap, total OK: 369, 15min
  [35/104] 369 films from sitemap, total OK: 369, 15min
  [36/104] 369 films from sitemap, total OK: 369, 15min
  [37/104] 375 films from sitemap, total OK: 375, 16min
  [38/104] 380 films from sitemap, total OK: 380, 16min
  [39/104] 382 films from sitemap, total OK: 382, 16min
  [40/104] 384 films from sitemap, total OK: 384, 16min
  [41/104] 388 films from sitemap, total OK: 388, 16min
  [42/104] 410 films from sitemap, total OK: 410, 17min
  [43/104] 434 films from sitemap, total OK: 434, 17min
  [44/104] 439 films from sitemap, total OK: 439, 18min
  [45/104] 450 films from sitemap, total OK: 450, 18min
  [46/104] 456 films from sitemap, total OK: 456, 18min
  [47/104] 469 films from sitemap, total OK: 469, 18min
  [48/104] 481 films from sitemap, total OK: 481, 18min
  [49/104] 485 films from sitemap, total OK: 485, 19min
  [50/104] 488 films from sitemap, total OK: 488, 19min
  [51/104] 490 films from sitemap, total OK: 490, 19min
  [52/104] 491 films from sitemap, total OK: 491, 19min
  [53/104] 501 films from sitemap, total OK: 501, 19min
  [54/104] 507 films from sitemap, total OK: 507, 19min
  [55/104] 510 films from sitemap, total OK: 510, 20min
  [56/104] 511 films from sitemap, total OK: 511, 20min
  [57/104] 523 films from sitemap, total OK: 523, 20min
  [58/104] 576 films from sitemap, total OK: 576, 21min
  [59/104] 594 films from sitemap, total OK: 594, 22min
  [60/104] 606 films from sitemap, total OK: 606, 22min
  [61/104] 608 films from sitemap, total OK: 608, 22min
  [62/104] 617 films from sitemap, total OK: 617, 23min
  [63/104] 619 films from sitemap, total OK: 619, 23min
  [64/104] 619 films from sitemap, total OK: 619, 23min
  [65/104] 635 films from sitemap, total OK: 635, 23min
  [66/104] 642 films from sitemap, total OK: 642, 24min
  [67/104] 704 films from sitemap, total OK: 704, 25min
  [68/104] 715 films from sitemap, total OK: 715, 26min
  [69/104] 722 films from sitemap, total OK: 722, 26min
  [70/104] 731 films from sitemap, total OK: 731, 26min
  104 post sitemaps (0000-00 excluded, recent-first)
  [1/104] 15 films from sitemap, total OK: 15, 0min
  [2/104] 21 films from sitemap, total OK: 21, 0min
  [3/104] 37 films from sitemap, total OK: 37, 1min
  [4/104] 47 films from sitemap, total OK: 47, 2min
  [5/104] 69 films from sitemap, total OK: 69, 2min
  [6/104] 81 films from sitemap, total OK: 81, 3min
  [7/104] 83 films from sitemap, total OK: 83, 3min
  [8/104] 85 films from sitemap, total OK: 85, 3min
  [9/104] 97 films from sitemap, total OK: 97, 3min
  [10/104] 136 films from sitemap, total OK: 136, 5min
  [11/104] 136 films from sitemap, total OK: 136, 5min
  [12/104] 136 films from sitemap, total OK: 136, 5min
  [13/104] 137 films from sitemap, total OK: 137, 5min
  [14/104] 139 films from sitemap, total OK: 139, 6min
  [15/104] 141 films from sitemap, total OK: 141, 6min
  [16/104] 142 films from sitemap, total OK: 142, 6min
  [17/104] 173 films from sitemap, total OK: 173, 6min
  [18/104] 177 films from sitemap, total OK: 177, 7min
  [19/104] 177 films from sitemap, total OK: 177, 7min
  [20/104] 189 films from sitemap, total OK: 189, 7min
  [21/104] 192 films from sitemap, total OK: 192, 7min
  [22/104] 196 films from sitemap, total OK: 196, 7min
  [23/104] 197 films from sitemap, total OK: 197, 7min
  [24/104] 204 films from sitemap, total OK: 204, 8min
  [25/104] 224 films from sitemap, total OK: 224, 8min
  [26/104] 239 films from sitemap, total OK: 239, 8min
  [27/104] 241 films from sitemap, total OK: 241, 8min
  [28/104] 245 films from sitemap, total OK: 245, 9min
  [29/104] 265 films from sitemap, total OK: 265, 10min
  [30/104] 316 films from sitemap, total OK: 316, 11min
  [31/104] 337 films from sitemap, total OK: 337, 12min
  [32/104] 359 films from sitemap, total OK: 359, 12min
  [33/104] 362 films from sitemap, total OK: 362, 12min
  [34/104] 369 films from sitemap, total OK: 369, 13min
  [35/104] 369 films from sitemap, total OK: 369, 13min
  [36/104] 369 films from sitemap, total OK: 369, 13min
  [37/104] 375 films from sitemap, total OK: 375, 14min
  [38/104] 380 films from sitemap, total OK: 380, 14min
  [39/104] 382 films from sitemap, total OK: 382, 14min
  [40/104] 384 films from sitemap, total OK: 384, 14min
  [41/104] 388 films from sitemap, total OK: 388, 14min
  [42/104] 410 films from sitemap, total OK: 410, 15min
  [43/104] 434 films from sitemap, total OK: 434, 15min
  [44/104] 439 films from sitemap, total OK: 439, 15min
  [45/104] 450 films from sitemap, total OK: 450, 15min
  [46/104] 456 films from sitemap, total OK: 456, 16min
  [47/104] 469 films from sitemap, total OK: 469, 16min
  [48/104] 481 films from sitemap, total OK: 481, 16min
  [49/104] 485 films from sitemap, total OK: 485, 16min
  [50/104] 488 films from sitemap, total OK: 488, 16min
  [51/104] 490 films from sitemap, total OK: 490, 16min
  [52/104] 491 films from sitemap, total OK: 491, 16min
  [53/104] 501 films from sitemap, total OK: 501, 17min
  [54/104] 507 films from sitemap, total OK: 507, 17min
  [55/104] 510 films from sitemap, total OK: 510, 17min
  [56/104] 511 films from sitemap, total OK: 511, 18min
  [57/104] 523 films from sitemap, total OK: 523, 18min
  [58/104] 576 films from sitemap, total OK: 576, 19min
  [59/104] 594 films from sitemap, total OK: 594, 19min
  [60/104] 606 films from sitemap, total OK: 606, 20min
  [61/104] 608 films from sitemap, total OK: 608, 20min
  [62/104] 617 films from sitemap, total OK: 617, 20min
  [63/104] 619 films from sitemap, total OK: 619, 20min
  [64/104] 619 films from sitemap, total OK: 619, 20min
  [65/104] 635 films from sitemap, total OK: 635, 21min
  [66/104] 642 films from sitemap, total OK: 642, 21min
  [67/104] 704 films from sitemap, total OK: 704, 23min
  [68/104] 715 films from sitemap, total OK: 715, 23min
  [69/104] 722 films from sitemap, total OK: 722, 24min
  [70/104] 731 films from sitemap, total OK: 731, 24min
  [71/104] 749 films from sitemap, total OK: 749, 25min
  [72/104] 758 films from sitemap, total OK: 758, 25min
  [73/104] 763 films from sitemap, total OK: 763, 25min
  [74/104] 765 films from sitemap, total OK: 765, 25min
  [75/104] 779 films from sitemap, total OK: 779, 26min
  [76/104] 792 films from sitemap, total OK: 792, 26min
  [77/104] 827 films from sitemap, total OK: 827, 27min
  [78/104] 842 films from sitemap, total OK: 842, 27min
  [79/104] 867 films from sitemap, total OK: 867, 29min
  [80/104] 883 films from sitemap, total OK: 883, 30min
  [81/104] 887 films from sitemap, total OK: 887, 30min
  [82/104] 896 films from sitemap, total OK: 896, 30min
  [83/104] 900 films from sitemap, total OK: 900, 31min
  [84/104] 989 films from sitemap, total OK: 989, 33min
  [85/104] 1030 films from sitemap, total OK: 1030, 35min
  [86/104] 1049 films from sitemap, total OK: 1049, 38min
  [87/104] 1073 films from sitemap, total OK: 1073, 39min
  [88/104] 1080 films from sitemap, total OK: 1080, 40min
  [89/104] 1263 films from sitemap, total OK: 1263, 42min
  [90/104] 1299 films from sitemap, total OK: 1299, 44min
  [91/104] 1335 films from sitemap, total OK: 1335, 46min
  [92/104] 1397 films from sitemap, total OK: 1397, 49min
  [93/104] 1493 films from sitemap, total OK: 1493, 55min
  [94/104] 1539 films from sitemap, total OK: 1539, 57min
  [95/104] 1570 films from sitemap, total OK: 1570, 59min
  [96/104] 1594 films from sitemap, total OK: 1594, 60min
  [97/104] 1679 films from sitemap, total OK: 1679, 64min
  [98/104] 1832 films from sitemap, total OK: 1832, 71min
  [99/104] 2004 films from sitemap, total OK: 2004, 79min
  [100/104] 2048 films from sitemap, total OK: 2048, 81min
  [101/104] 2058 films from sitemap, total OK: 2058, 81min
  [102/104] 2380 films from sitemap, total OK: 2380, 84min
  [103/104] 2380 films from sitemap, total OK: 2380, 84min
  [104/104] 2380 films from sitemap, total OK: 2380, 84min

Done: 2380 CI films in 84.2 min
  With crew: 1712, with cast: 1324
  → data/cinemaofisrael/raw_films.json
