ok       15641ms MISS https://www.filmfund.org.il/films/
ok       17032ms MISS https://www.filmfund.org.il/about/
ok       17950ms MISS https://www.filmfund.org.il/
ok        6182ms MISS https://intl.filmfund.org.il/
ok        8378ms MISS https://www.filmfund.org.il/ContentPage/Index/3
ok       12673ms MISS https://www.filmfund.org.il/ContentPage/Index/4
ok       12996ms MISS https://www.filmfund.org.il/Movie?movieId=524
ok       17203ms MISS https://www.filmfund.org.il/Movie?movieId=515
ok       17509ms MISS https://www.filmfund.org.il/Movie?movieId=500
ok       19240ms MISS https://www.filmfund.org.il/ContactUs
ok       21499ms MISS https://www.filmfund.org.il/Movie?movieId=497
ok       12900ms MISS https://www.filmfund.org.il/Movie?movieId=38
ok       12893ms MISS https://www.filmfund.org.il/Movie?movieId=43
ok       13049ms MISS https://filmfund.org.il/ContentPage/?id=10
ok       17494ms MISS https://www.filmfund.org.il/Movie?movieId=47
ok       17602ms MISS https://www.filmfund.org.il/Movie?movieId=48
ok       17324ms MISS https://www.filmfund.org.il/Movie?movieId=50
ok       15713ms MISS https://www.filmfund.org.il/Movie?movieId=51
ok       16145ms MISS https://www.filmfund.org.il/Movie?movieId=488
ok       15689ms MISS https://www.filmfund.org.il/Movie?movieId=486
ok       21870ms MISS https://www.filmfund.org.il/Movie?movieId=55
ok       23291ms MISS https://www.filmfund.org.il/Movie?movieId=56
ok       24397ms MISS https://www.filmfund.org.il/Movie?movieId=52
ok       30288ms MISS https://www.filmfund.org.il/Movie?movieId=58
ok       32298ms MISS https://www.filmfund.org.il/Movie?movieId=59
ok       23790ms MISS https://www.filmfund.org.il/Movie?movieId=65
ok       20911ms MISS https://www.filmfund.org.il/Movie?movieId=66
ok       18732ms MISS https://www.filmfund.org.il/ContentPage/?id=1122
ok       16989ms MISS https://www.filmfund.org.il/ContentPage/?id=42
ok       17240ms MISS https://www.filmfund.org.il/ContentPage/?id=14
ok       19303ms MISS https://www.filmfund.org.il/ContentPage/?id=35
ok       16890ms MISS https://www.filmfund.org.il/Movie?movieId=61
ok        4189ms MISS https://www.filmfund.org.il/ContentPage?id=1121
FILE      234161B https://www.filmfund.org.il/Upload/Media/Tinymce/Files/3Months24-7Berlin%20-%20information%202026FNL_1.docx
FILE      327779B https://www.filmfund.org.il/Upload/Media/Tinymce/Files/0.253.pdf
FILE      251904B https://www.filmfund.org.il/Upload/Media/Tinymce/Files/3Months24-7BerlinForm2026_4_1.doc
ok        3314ms MISS https://intl.filmfund.org.il/contentpage/?id=1
ok        4259ms MISS https://intl.filmfund.org.il/ContactUs
ok        5695ms MISS https://www.filmfund.org.il/Upload/Media/Tinymce/Files/Film%20\\(Recognition%20of%20a%20Film%20as%20an%20Israeli%20Film\\
ok       11064ms MISS https://intl.filmfund.org.il/Movie?movieId=92
ok       10053ms MISS https://intl.filmfund.org.il/Movie?movieId=90
ok       14169ms MISS https://intl.filmfund.org.il/Movie?movieId=91
ok       13416ms MISS https://intl.filmfund.org.il/Movie?movieId=88
ok       14410ms MISS https://intl.filmfund.org.il/Movie?movieId=40
ok        9232ms MISS https://intl.filmfund.org.il/Movie?movieId=29
ok       10723ms MISS https://intl.filmfund.org.il/Movie?movieId=27
ok        5357ms MISS https://intl.filmfund.org.il/Movie?movieId=24
ok        4101ms MISS https://intl.filmfund.org.il/Movie?movieId=20
ok        3100ms MISS https://intl.filmfund.org.il/Movie?movieId=18
ok        3948ms MISS https://intl.filmfund.org.il/Movie?movieId=17
ok        4806ms MISS https://intl.filmfund.org.il/Movie?movieId=26
ok        4785ms MISS https://intl.filmfund.org.il/Movie?movieId=25
ok        6109ms MISS https://intl.filmfund.org.il/Movie?movieId=12
ok        6197ms MISS https://intl.filmfund.org.il/Movie?movieId=19
ok       10209ms MISS https://intl.filmfund.org.il/Movie?movieId=11
ok        4832ms MISS https://intl.filmfund.org.il/Movie?movieId=2
ok        5796ms MISS https://intl.filmfund.org.il/Movie?movieId=14
ok        2350ms MISS https://www.filmfund.org.il/Upload/Media/Tinymce/Files/Film%20(Recognition%20of%20a%20Film%20as%20an%20Israeli%20Film
ok        3497ms MISS https://intl.filmfund.org.il/Movie?movieId=30
ok        3478ms MISS https://intl.filmfund.org.il/Movie?movieId=3
ok        8586ms MISS https://www.filmfund.org.il
ok        7872ms MISS https://intl.filmfund.org.il//contentpage?id=26
ok        6480ms MISS https://intl.filmfund.org.il//contentpage?id=25
ok        9111ms MISS https://www.filmfund.org.il/Movie/Movies?GenreID=21
ok       16164ms MISS https://www.filmfund.org.il/Movie?movieId=524#movie_fests
ok       19471ms MISS https://filmfund.org.il/Movie?movieId=343
ok       11746ms MISS https://www.filmfund.org.il/Movie?movieId=524#movie_productionTeam
ok       14900ms MISS https://www.filmfund.org.il/Movie?movieId=524#movie_trailer
ok       18066ms MISS https://www.filmfund.org.il/Movie/Movies?GenreID=1
ok       23176ms MISS https://www.filmfund.org.il/Movie?movieId=524#movie_gallery
ok       18502ms MISS https://www.filmfund.org.il/Movie?movieId=515#movie_productionTeam
ok       19900ms MISS https://www.filmfund.org.il/Movie?movieId=515#movie_fests
ok       22110ms MISS https://www.filmfund.org.il/Movie/Movies?TagID=18
ok       25667ms MISS https://www.filmfund.org.il/Movie?movieId=515#movie_gallery
ok       25739ms MISS https://www.filmfund.org.il/Movie?movieId=515#movie_trailer
ok       23925ms MISS https://www.filmfund.org.il/Movie?movieId=500#movie_productionTeam
ok       22819ms MISS https://www.filmfund.org.il/Movie?movieId=500#movie_fests
ok       20449ms MISS https://www.filmfund.org.il/Movie?movieId=500#movie_gallery
ok       18915ms MISS https://www.filmfund.org.il/ContentPage/?id=10
ok       19464ms MISS https://www.filmfund.org.il/Movie?movieId=497#movie_productionTeam
ok       17374ms MISS https://www.filmfund.org.il/Movie?movieId=497#movie_gallery
ok       19679ms MISS https://www.filmfund.org.il/Movie?movieId=500#movie_trailer
ok       23496ms MISS https://www.filmfund.org.il/Movie?movieId=497#movie_trailer
ok       24454ms MISS https://www.filmfund.org.il/Movie?movieId=497#movie_fests
ok       33691ms MISS https://www.filmfund.org.il/Movie/Movies?TagID=5
ok       37276ms MISS https://www.filmfund.org.il/Movie?movieId=488#movie_fests
ok       42775ms MISS https://www.filmfund.org.il/Movie?movieId=488#movie_productionTeam
ok       49922ms MISS https://www.filmfund.org.il/Movie?movieId=486#movie_productionTeam
ok       60678ms MISS https://www.filmfund.org.il/Movie?movieId=488#movie_trailer
ok       39883ms MISS https://www.filmfund.org.il/Movie?movieId=486#movie_gallery
ok       30880ms MISS https://www.filmfund.org.il/Movie?movieId=486#movie_fests
ok       26382ms MISS https://www.filmfund.org.il/Movie?movieId=488#movie_gallery
ok       28538ms MISS https://www.filmfund.org.il/Movie/Movies?TagID=10
ok       23264ms MISS https://www.filmfund.org.il/Movie?movieId=486#movie_trailer
ok       19869ms MISS https://www.filmfund.org.il/Movie?movieId=38#movie_productionTeam
ok       22692ms MISS https://www.filmfund.org.il/Movie?movieId=38#movie_fests
ok       23490ms MISS https://www.filmfund.org.il/Movie?movieId=38#movie_gallery
ok       17408ms MISS https://www.filmfund.org.il/Movie/Movies?TagID=4
ok       25799ms MISS https://www.filmfund.org.il/Movie/Movies?GenreID=4
ok       16707ms MISS https://www.filmfund.org.il/Movie?movieId=43#movie_gallery
ok       20076ms MISS https://www.filmfund.org.il/Movie?movieId=43#movie_productionTeam
ok       41488ms MISS https://www.filmfund.org.il/Movie?movieId=43#movie_trailer
ok       41621ms MISS https://www.filmfund.org.il/Movie?movieId=47#movie_productionTeam
ok       41500ms MISS https://www.filmfund.org.il/Movie?movieId=47#movie_fests
ok       32144ms MISS https://www.filmfund.org.il/Movie?movieId=43#movie_fests
ok       28476ms MISS https://www.filmfund.org.il/Movie?movieId=47#movie_gallery
ok       28368ms MISS https://www.filmfund.org.il/Movie?movieId=47#movie_trailer
ok       30814ms MISS https://www.filmfund.org.il/Movie/Movies?TagID=28
ok       37462ms MISS https://www.filmfund.org.il/Movie?movieId=38#movie_trailer
ok       38034ms MISS https://www.filmfund.org.il/Movie?movieId=48#movie_productionTeam
ok       29784ms MISS https://www.filmfund.org.il/Movie?movieId=48#movie_fests
ok       38598ms MISS https://www.filmfund.org.il/Movie?movieId=50#movie_productionTeam
ok       42473ms MISS https://www.filmfund.org.il/Movie?movieId=48#movie_gallery
ok       38379ms MISS https://www.filmfund.org.il/Movie?movieId=50#movie_fests
ok       28829ms MISS https://www.filmfund.org.il/Movie?movieId=50#movie_gallery
ok       19161ms MISS https://www.filmfund.org.il/Movie?movieId=48#movie_trailer
ok       21892ms MISS https://www.filmfund.org.il/Movie/Movies?TagID=2
ok       22384ms MISS https://www.filmfund.org.il/Movie?movieId=51#movie_productionTeam
ok       22081ms MISS https://www.filmfund.org.il/Movie?movieId=51#movie_fests
ok       19460ms MISS https://www.filmfund.org.il/Movie?movieId=51#movie_gallery
ok       18801ms MISS https://www.filmfund.org.il/Movie?movieId=51#movie_trailer
ok       20183ms MISS https://www.filmfund.org.il/Movie?movieId=52#movie_productionTeam
ok       18204ms MISS https://www.filmfund.org.il/Movie?movieId=52#movie_gallery
ok       15186ms MISS https://www.filmfund.org.il/Movie?movieId=50#movie_trailer
ok       18779ms MISS https://www.filmfund.org.il/Movie?movieId=52#movie_fests
ok       39220ms MISS https://www.filmfund.org.il/Movie/Movies?TagID=26
ok       39611ms MISS https://www.filmfund.org.il/Movie?movieId=55#movie_productionTeam
ok       44768ms MISS https://www.filmfund.org.il/Movie?movieId=52#movie_trailer
ok       42408ms MISS https://www.filmfund.org.il/Movie?movieId=55#movie_gallery
ok       20294ms MISS https://www.filmfund.org.il/Movie?movieId=56#movie_productionTeam
ok       20818ms MISS https://www.filmfund.org.il/Movie?movieId=56#movie_fests
ok       25358ms MISS https://www.filmfund.org.il/Movie?movieId=55#movie_fests
ok       28094ms MISS https://www.filmfund.org.il/Movie?movieId=56#movie_gallery
ok       19886ms MISS https://www.filmfund.org.il/Movie?movieId=58#movie_fests
ok       27888ms MISS https://www.filmfund.org.il/Movie?movieId=58#movie_productionTeam
ok       24955ms MISS https://www.filmfund.org.il/Movie?movieId=55#movie_trailer
ok       28080ms MISS https://www.filmfund.org.il/Movie?movieId=58#movie_gallery
ok       19428ms MISS https://www.filmfund.org.il/Movie/Movies?TagID=21
ok       18988ms MISS https://www.filmfund.org.il/Movie?movieId=59#movie_productionTeam
ok       23456ms MISS https://www.filmfund.org.il/Movie?movieId=56#movie_trailer
ok       25300ms MISS https://www.filmfund.org.il/Movie?movieId=59#movie_fests
ok       27266ms MISS https://www.filmfund.org.il/Movie?movieId=59#movie_gallery
ok       18146ms MISS https://www.filmfund.org.il/Movie?movieId=61#movie_productionTeam
ok        9115ms MISS https://www.filmfund.org.il/Movie?movieId=61#movie_gallery
ok        9381ms MISS https://www.filmfund.org.il/Movie?movieId=61#movie_trailer
ok       10313ms MISS https://www.filmfund.org.il/Movie?movieId=61#movie_fests
ok       14311ms MISS https://www.filmfund.org.il/Movie/Movies?TagID=37
ok       14063ms MISS https://www.filmfund.org.il/Movie?movieId=65#movie_productionTeam
ok       14363ms MISS https://www.filmfund.org.il/Movie?movieId=65#movie_fests
ok        4705ms MISS https://www.filmfund.org.il/Movie?movieId=66#movie_productionTeam
ok       18590ms MISS https://www.filmfund.org.il/Movie?movieId=65#movie_gallery
ok       24974ms MISS https://www.filmfund.org.il/Movie?movieId=59#movie_trailer
ok       25910ms MISS https://www.filmfund.org.il/Movie?movieId=65#movie_trailer
ok       21106ms MISS https://www.filmfund.org.il/Movie?movieId=66#movie_fests
ok       20904ms MISS https://www.filmfund.org.il/Movie?movieId=66#movie_gallery
ok       17703ms MISS https://www.filmfund.org.il/Movie?movieId=66#movie_trailer
ok       13407ms MISS https://www.filmfund.org.il/ContentPage?id=43
ok       10428ms MISS https://www.filmfund.org.il/Upload/Media/Tinymce/Files/3Months24-7Berlin
ok       10474ms MISS https://www.filmfund.org.il/ContentPage/?id=34
ok       15276ms MISS https://www.filmfund.org.il/Movie?movieId=12
ok       16702ms MISS https://www.filmfund.org.il/ContentPage?id=34
ok        7213ms MISS https://www.filmfund.org.il/Movie?movieId=58#movie_trailer
FILE       16476B https://www.filmfund.org.il/Upload/Media/Tinymce/Files/budgetListsHashlmatHafaka_1.xlsx
FILE      167633B https://www.filmfund.org.il/Upload/Media/Tinymce/Files/%D7%97%D7%95%D7%A7%20%D7%94%D7%A7%D7%95%D7%9C%D7%A0%D7%95%D7%A2_1_2.pdf
FILE      688558B https://www.filmfund.org.il/Upload/Media/Tinymce/Files/%D7%AA%D7%A7%D7%A0%D7%95%D7%AA%20%D7%94%D7%A7%D7%95%D7%9C%D7%A0%D7%95%D7%A2%20%D7%94%D7%9B%D7%A8%D7%94%20%D7%91%D7%A1%D7%A8%D7%98%20%D7%9B%D7%A1%D7%A8%D7%98%20%D7%99%D7%A9%D7%A8%D7%90%D7%9C%D7%99_3.pdf
FILE     1981006B https://www.filmfund.org.il/Upload/Media/Tinymce/Files/Nisp1Tasrit_1.pdf
