error        0ms MISS https://kerenmakor.org.il/תיקון-לגבי-קול-קורא-שנת-ה-80/
FILE           0B http://kerenmakor.org.il/wp-content/uploads/2020/05/%D7%9E%D7%A9%D7%91%D7%A8-%D7%94%D7%A7%D7%95%D7%A8%D7%95%D7%A0%D7%94-%D7%94%D7%95%D7%93%D7%A2%D7%94-%D7%9C%D7%99%D7%95%D7%A6%D7%A8%D7%99%D7%9D-%D7%9E%D7%9E%D7%A9%D7%A8%D7%93-%D7%94%D7%AA%D7%A7%D7%A9%D7%95%D7%A8%D7%AA.pdf
FILE           0B http://kerenmakor.org.il/wp-content/uploads/2020/05/משבר-הקורונה-הודעה-ליוצרים-ממשרד-התקשורת.pdf
FILE           0B http://kerenmakor.org.il/wp-content/uploads/2020/05/קול-קורא-למסלולים-השונים.pdf
FILE           0B http://kerenmakor.org.il/wp-content/uploads/2020/05/%D7%A7%D7%95%D7%9C-%D7%A7%D7%95%D7%A8%D7%90-%D7%9C%D7%9E%D7%A1%D7%9C%D7%95%D7%9C%D7%99%D7%9D-%D7%94%D7%A9%D7%95%D7%A0%D7%99%D7%9D.pdf
error        0ms MISS https://kerenmakor.org.il/more/%D7%A4%D7%A1%D7%98%D7%99%D7%91%D7%9C-%D7%A0%D7%99%D7%90%D7%95%D7%99%D7%9E%D7%92%D7%96-2026/
error        0ms MISS https://kerenmakor.org.il/more/%D7%99%D7%95%D7%9D-%D7%AA%D7%A2%D7%A9%D7%99%D7%99%D7%94-%D7%A4%D7%AA%D7%95%D7%97-%D7%94%D7%A1%D7%99%D7%A4%D7%95%D7%A8-%D7%94%D7%A7%D7%95%D7%9C%D7%A0%D7%95%D7%A2%D7%99-%D7%91%D7%98%D7%9B%D7%A0%D7%95/
error        0ms MISS https://kerenmakor.org.il/more/%D7%91%D7%A8%D7%9B%D7%95%D7%AA-%D7%9C%D7%96%D7%95%D7%9B%D7%95%D7%AA-%D7%91%D7%A4%D7%A1%D7%98%D7%99%D7%91%D7%9C-%D7%90%D7%A0%D7%99%D7%9E%D7%99%D7%A7%D7%A1-2024/
error        0ms MISS https://kerenmakor.org.il/more/%D7%9E%D7%90%D7%99%D7%94-%D7%A9%D7%A7%D7%9C-%D7%A2%D7%9C-%D7%90%D7%93%D7%99-%D7%95%D7%90%D7%A0%D7%99/
error        0ms MISS https://kerenmakor.org.il/more/%D7%9C%D7%99-%D7%93%D7%A8%D7%95%D7%A8-%D7%A2%D7%9C-%D7%9E%D7%96%D7%9C-%D7%93%D7%92%D7%99%D7%9D/
error        0ms MISS https://kerenmakor.org.il/%D7%A6%D7%99%D7%A4%D7%99%D7%95%D7%AA-%D7%9E%D7%95%D7%A2%D7%9E%D7%93-%D7%9C%D7%A4%D7%A8%D7%A1-annie/
error        0ms MISS https://kerenmakor.org.il/%D7%A4%D7%A8%D7%A1%D7%99-%D7%90%D7%95%D7%A4%D7%99%D7%A8-2019-%D7%A1%D7%A8%D7%98%D7%99-%D7%94%D7%A7%D7%A8%D7%9F-%D7%A9%D7%A2%D7%9C%D7%95-%D7%9C%D7%A9%D7%9C%D7%91-%D7%94%D7%9E%D7%95%D7%A2%D7%9E%D7%93/
error        0ms MISS https://kerenmakor.org.il/films/%D7%92%D7%A8%D7%95%D7%A1%D7%9E%D7%9F/
error        0ms MISS https://kerenmakor.org.il/more/%D7%9E%D7%90%D7%99%D7%94-%D7%A9%D7%A7%D7%9C-%D7%A2%D7%9C-%D7%90%D7%93%D7%99-%D7%95%D7%90%D7%A0%D7%99/
error        0ms MISS https://kerenmakor.org.il/more/%D7%9C%D7%99-%D7%93%D7%A8%D7%95%D7%A8-%D7%A2%D7%9C-%D7%9E%D7%96%D7%9C-%D7%93%D7%92%D7%99%D7%9D/
error        0ms MISS https://kerenmakor.org.il/more/%D7%A4%D7%A1%D7%98%D7%99%D7%91%D7%9C-%D7%A0%D7%99%D7%90%D7%95%D7%99%D7%9E%D7%92%D7%96-2026/
error        0ms MISS https://kerenmakor.org.il/תיקון-לגבי-קול-קורא-שנת-ה-80/
error        0ms MISS https://kerenmakor.org.il/more/%D7%99%D7%95%D7%9D-%D7%AA%D7%A2%D7%A9%D7%99%D7%99%D7%94-%D7%A4%D7%AA%D7%95%D7%97-%D7%94%D7%A1%D7%99%D7%A4%D7%95%D7%A8-%D7%94%D7%A7%D7%95%D7%9C%D7%A0%D7%95%D7%A2%D7%99-%D7%91%D7%98%D7%9B%D7%A0%D7%95/
error        0ms MISS https://kerenmakor.org.il/more/%D7%91%D7%A8%D7%9B%D7%95%D7%AA-%D7%9C%D7%96%D7%95%D7%9B%D7%95%D7%AA-%D7%91%D7%A4%D7%A1%D7%98%D7%99%D7%91%D7%9C-%D7%90%D7%A0%D7%99%D7%9E%D7%99%D7%A7%D7%A1-2024/
error        0ms MISS https://kerenmakor.org.il/%D7%A6%D7%99%D7%A4%D7%99%D7%95%D7%AA-%D7%9E%D7%95%D7%A2%D7%9E%D7%93-%D7%9C%D7%A4%D7%A8%D7%A1-annie/
error        0ms MISS https://kerenmakor.org.il/%D7%A4%D7%A8%D7%A1%D7%99-%D7%90%D7%95%D7%A4%D7%99%D7%A8-2019-%D7%A1%D7%A8%D7%98%D7%99-%D7%94%D7%A7%D7%A8%D7%9F-%D7%A9%D7%A2%D7%9C%D7%95-%D7%9C%D7%A9%D7%9C%D7%91-%D7%94%D7%9E%D7%95%D7%A2%D7%9E%D7%93/
error        0ms MISS https://kerenmakor.org.il/films/%D7%92%D7%A8%D7%95%D7%A1%D7%9E%D7%9F/
FILE           0B http://kerenmakor.org.il/wp-content/uploads/2020/05/%D7%A7%D7%95%D7%9C-%D7%A7%D7%95%D7%A8%D7%90-%D7%9C%D7%9E%D7%A1%D7%9C%D7%95%D7%9C%D7%99%D7%9D-%D7%94%D7%A9%D7%95%D7%A0%D7%99%D7%9D.pdf
FILE           0B http://kerenmakor.org.il/wp-content/uploads/2020/05/משבר-הקורונה-הודעה-ליוצרים-ממשרד-התקשורת.pdf
FILE           0B http://kerenmakor.org.il/wp-content/uploads/2020/05/קול-קורא-למסלולים-השונים.pdf
FILE           0B http://kerenmakor.org.il/wp-content/uploads/2020/05/%D7%9E%D7%A9%D7%91%D7%A8-%D7%94%D7%A7%D7%95%D7%A8%D7%95%D7%A0%D7%94-%D7%94%D7%95%D7%93%D7%A2%D7%94-%D7%9C%D7%99%D7%95%D7%A6%D7%A8%D7%99%D7%9D-%D7%9E%D7%9E%D7%A9%D7%A8%D7%93-%D7%94%D7%AA%D7%A7%D7%A9%D7%95%D7%A8%D7%AA.pdf
