ok       18373ms MISS https://thejerusalemfilmfund.com/
ok       24958ms MISS https://thejerusalemfilmfund.com/contacts/
ok       28991ms MISS https://thejerusalemfilmfund.com/about-us/
ok       39159ms MISS https://thejerusalemfilmfund.com/film/
ok       36906ms MISS https://thejerusalemfilmfund.com/projects-in-development/scene-the-jerusalem-film-funds-developing-workshops/
ok       16103ms MISS https://thejerusalemfilmfund.com/#navigation
ok       31595ms MISS https://thejerusalemfilmfund.com/#home_menu_boxes_section
ok       45794ms MISS https://thejerusalemfilmfund.com/#home_small_carousel_section
ok       45547ms MISS https://thejerusalemfilmfund.com/#home_articles_section
ok       60392ms MISS https://thejerusalemfilmfund.com/#footer
ok       37089ms MISS https://thejerusalemfilmfund.com/why-jerusalem/
ok       53905ms MISS https://thejerusalemfilmfund.com/new-submission-dates-for-projects-in-the-field-of-cgi-computer-generated-imagery-and-animation/
ok       47254ms MISS https://thejerusalemfilmfund.com/10435/
ok       48976ms MISS https://thejerusalemfilmfund.com/#home_main_slider_section
ok       35795ms MISS https://thejerusalemfilmfund.com/cash-rebate-2/
ok       11901ms MISS https://thejerusalemfilmfund.com/?lang=he
ok       41695ms MISS https://thejerusalemfilmfund.com/about-us/#navigation
ok       40340ms MISS https://thejerusalemfilmfund.com/animation-projects-in-developement/
ok       37982ms MISS https://thejerusalemfilmfund.com/about-us/#slider_wrapper
ok        4683ms MISS https://thejerusalemfilmfund.com/large-budget-international-productions-2/
ok        6217ms MISS https://thejerusalemfilmfund.com/about-us/#page_content
ok        6704ms MISS https://thejerusalemfilmfund.com/contacts/#navigation
ok        8198ms MISS https://thejerusalemfilmfund.com/about-us/#footer
ok       10465ms MISS https://thejerusalemfilmfund.com/contacts/#slider_wrapper
ok       13688ms MISS https://thejerusalemfilmfund.com/contacts/#page_content
ok       17029ms MISS https://thejerusalemfilmfund.com/applications/international-animation-productions/
ok       22269ms MISS https://thejerusalemfilmfund.com/location/
ok       27233ms MISS https://thejerusalemfilmfund.com/contacts/#footer
ok       29716ms MISS https://thejerusalemfilmfund.com/spotlight-on-jerusalem-at-the-annecy-festival/
ok       44601ms MISS http://www.thejerusalemfilmfund.com/
ok       59721ms MISS https://thejerusalemfilmfund.com/film/#navigation
ok       59906ms MISS https://thejerusalemfilmfund.com/film/#slider_wrapper
ok       63794ms MISS https://thejerusalemfilmfund.com/film/#form_filters_wrapper
ok       34976ms MISS https://thejerusalemfilmfund.com/film/#footer
ok       35541ms MISS https://thejerusalemfilmfund.com/film/%d7%94%d7%a0%d7%a4%d7%a9-%d7%94%d7%98%d7%95%d7%91%d7%94/
ok       61178ms MISS https://thejerusalemfilmfund.com/genre/drama/
ok       43916ms MISS https://thejerusalemfilmfund.com/film/%d7%90%d7%a8%d7%9e%d7%95%d7%9f-%d7%94%d7%97%d7%95%d7%9c/
ok       51464ms MISS https://thejerusalemfilmfund.com/film/#results_wrapper
ok       54563ms MISS https://thejerusalemfilmfund.com/film/%d7%94%d7%a9%d7%aa%d7%99%d7%a7%d7%94/
ok       32721ms MISS https://thejerusalemfilmfund.com/genre/animation/
ok       31973ms MISS https://thejerusalemfilmfund.com/film/legend-of-destruction/
ok       36400ms MISS https://thejerusalemfilmfund.com/film/the-holy-city/
ok       31611ms MISS https://thejerusalemfilmfund.com/genre/%d7%90%d7%a0%d7%99%d7%9e%d7%a6%d7%99%d7%94-2/
ok       24170ms MISS https://thejerusalemfilmfund.com/film/where-is-anne-frank/
ok       29648ms MISS https://thejerusalemfilmfund.com/film/yaturu-experience/
ok       34480ms MISS https://thejerusalemfilmfund.com/film/once-upon-a-sea/
ok       32098ms MISS https://thejerusalemfilmfund.com/genre/vrar/
ok       26828ms MISS https://thejerusalemfilmfund.com/film/the-sand-castle/
ok       30498ms MISS https://thejerusalemfilmfund.com/film/%d7%94%d7%a4%d7%9c%d7%a0%d7%98%d7%95%d7%a0%d7%99%d7%9d/
ok       35091ms MISS https://thejerusalemfilmfund.com/projects-in-development/scene-the-jerusalem-film-funds-developing-workshops/#navigation
ok       29085ms MISS https://thejerusalemfilmfund.com/projects-in-development/scene-the-jerusalem-film-funds-developing-workshops/#slider_wrapper
ok        5921ms MISS https://thejerusalemfilmfund.com/film/asia/
ok       11189ms MISS https://thejerusalemfilmfund.com/vod/your-next-film-in-jerusalem-2019/
ok       16364ms MISS https://thejerusalemfilmfund.com/projects-in-development/scene-the-jerusalem-film-funds-developing-workshops/#footer
ok       19698ms MISS https://thejerusalemfilmfund.com/investment-procedure-for-cgi-computer-generated-imagery-and-animation-productions-at-studios-located-in-jerusalem/
ok       27461ms MISS https://thejerusalemfilmfund.com/projects-in-development/scene-the-jerusalem-film-funds-developing-workshops/#page_content
ok       32336ms MISS https://thejerusalemfilmfund.com/film/muppet-babies/
FILE       37376B https://thejerusalemfilmfund.com/wp-content/uploads/2017/02/%D7%AA%D7%A7%D7%A6%D7%99%D7%91-%D7%9C%D7%9E%D7%99%D7%96%D7%9D-%D7%99%D7%A8%D7%95%D7%A9%D7%9C%D7%99%D7%9D112011.xls
FILE      102970B https://thejerusalemfilmfund.com/wp-content/uploads/2016/03/Application-Form112011.pdf
FILE      271267B https://thejerusalemfilmfund.com/wp-content/uploads/2018/08/Appendix-B.pdf
FILE      376832B https://thejerusalemfilmfund.com/wp-content/uploads/2016/03/Application-Form112011-3.doc
ok       29767ms MISS https://thejerusalemfilmfund.com/spotlight-on-jerusalem-at-the-annecy-festival/#navigation
ok       39369ms MISS https://thejerusalemfilmfund.com/spotlight-on-jerusalem-at-the-annecy-festival/#slider_wrapper
ok       33254ms MISS https://thejerusalemfilmfund.com/spotlight-on-jerusalem-at-the-annecy-festival/#footer
ok       42878ms MISS https://thejerusalemfilmfund.com/10435/#navigation
ok       30800ms MISS https://thejerusalemfilmfund.com/10435/#page_content
ok       53016ms MISS https://thejerusalemfilmfund.com/10435/#footer
ok       58534ms MISS https://thejerusalemfilmfund.com/spotlight-on-jerusalem-at-the-annecy-festival/#page_content
ok       17733ms MISS https://thejerusalemfilmfund.com/new-submission-dates-for-projects-in-the-field-of-cgi-computer-generated-imagery-and-animation/#navigation
ok       42280ms MISS https://thejerusalemfilmfund.com/new-submission-dates-for-projects-in-the-field-of-cgi-computer-generated-imagery-and-animation/#slider_wrapper
ok       47661ms MISS https://thejerusalemfilmfund.com/vod/jerusalem-an-animation-capital/?lang=he
ok       51532ms MISS https://thejerusalemfilmfund.com/new-submission-dates-for-projects-in-the-field-of-cgi-computer-generated-imagery-and-animation/#page_content
ok       45043ms MISS https://thejerusalemfilmfund.com/10435/#slider_wrapper
ok       50474ms MISS https://thejerusalemfilmfund.com/filming-in-jerusalem/why-jerusalem/#slider_wrapper
ok       55180ms MISS https://thejerusalemfilmfund.com/filming-in-jerusalem/why-jerusalem/#navigation
ok       45190ms MISS https://thejerusalemfilmfund.com/filming-in-jerusalem/why-jerusalem/#page_content
ok       25576ms MISS https://thejerusalemfilmfund.com/%d7%94%d7%92%d7%a9%d7%94-%d7%9e%d7%a7%d7%95%d7%95%d7%a0%d7%aa/?lang=he
ok       33711ms MISS https://thejerusalemfilmfund.com/filming-in-jerusalem/cash-rebate-2/#navigation
ok       39213ms MISS https://thejerusalemfilmfund.com/filming-in-jerusalem/why-jerusalem/#footer
ok        7995ms MISS https://thejerusalemfilmfund.com/filming-in-jerusalem/cash-rebate-2/#page_content
ok       38331ms MISS https://thejerusalemfilmfund.com/filming-in-jerusalem/cash-rebate-2/#slider_wrapper
ok        8298ms MISS https://thejerusalemfilmfund.com/filming-in-jerusalem/why-jerusalem/
ok       15202ms MISS https://thejerusalemfilmfund.com/filming-in-jerusalem/cash-rebate-2/#footer
ok       16268ms MISS https://thejerusalemfilmfund.com/animation-projects-in-developement/#page_content
ok       24174ms MISS https://thejerusalemfilmfund.com/animation-projects-in-developement/#navigation
ok       14392ms MISS https://thejerusalemfilmfund.com/filming-in-jerusalem/cash-rebate-2/
ok        4329ms MISS https://thejerusalemfilmfund.com/genreprojectsdev/shorts/
ok        4056ms MISS https://thejerusalemfilmfund.com/genreprojectsdev/web-series-vrar/
ok        4194ms MISS https://thejerusalemfilmfund.com/genreprojectsdev/about-our-special-projects/
ok       11484ms MISS https://thejerusalemfilmfund.com/animation-projects-in-developement/#footer
ok       13113ms MISS https://thejerusalemfilmfund.com/genreprojectsdev/our-mentors/
ok        8501ms MISS https://thejerusalemfilmfund.com/genreprojectsdev/animation-projects-produced-in-jerusalem/
ok       16727ms MISS https://thejerusalemfilmfund.com/animation-projects-in-developement/#slider_wrapper
ok       11111ms MISS https://thejerusalemfilmfund.com/location/#navigation
error        0ms MISS https://thejerusalemfilmfund.com/new-submission-dates-for-projects-in-the-field-of-cgi-computer-generated-imagery-and-animation/#footer
ok        9902ms MISS https://thejerusalemfilmfund.com/location/#slider_wrapper
ok        8894ms MISS https://thejerusalemfilmfund.com/location/#results_wrapper
ok        9129ms MISS https://thejerusalemfilmfund.com/location/#footer
ok       16885ms MISS https://thejerusalemfilmfund.com/location/#form_filters_wrapper
ok       15362ms MISS https://thejerusalemfilmfund.com/location/tur-sinai-farm/
ok       12749ms MISS https://thejerusalemfilmfund.com/genreprojectsdev/tv-series/
ok        8099ms MISS https://thejerusalemfilmfund.com/tag/accommodation/
ok        7692ms MISS https://thejerusalemfilmfund.com/tag/farms/
ok        6768ms MISS https://thejerusalemfilmfund.com/genreprojectsdev/annecy/
ok        6267ms MISS https://thejerusalemfilmfund.com/tag/plantations/
ok        8466ms MISS https://thejerusalemfilmfund.com/genreprojectsdev/anination-jerusalems-animation-festival/
ok       11287ms MISS https://thejerusalemfilmfund.com/tag/banquet-halls/
ok       13476ms MISS https://thejerusalemfilmfund.com/tag/urban-nature/
ok        3727ms MISS https://thejerusalemfilmfund.com/tag/museum/
ok        6117ms MISS https://thejerusalemfilmfund.com/location/nature-museum/
ok       10479ms MISS https://thejerusalemfilmfund.com/location_cat/museums/
ok       15806ms MISS https://thejerusalemfilmfund.com/location/road-safety-training-center/
ok       24887ms MISS https://thejerusalemfilmfund.com/location_cat/other/
ok       28768ms MISS https://thejerusalemfilmfund.com/tag/historic/
ok       12460ms MISS https://thejerusalemfilmfund.com/tag/other/
ok       14541ms MISS https://thejerusalemfilmfund.com/tag/19th-century/
ok       18829ms MISS https://thejerusalemfilmfund.com/location/arazim-valley-park/
ok       49094ms MISS https://thejerusalemfilmfund.com/tag/parks/
error        0ms MISS https://thejerusalemfilmfund.com/location_cat/farms/
ok       46006ms MISS https://thejerusalemfilmfund.com/location/the-terrace-a-roof-for-new-urbanism/
ok       43480ms MISS https://thejerusalemfilmfund.com/tag/memorials/
ok       33625ms MISS https://thejerusalemfilmfund.com/location/abraham-hostel/
ok       41638ms MISS https://thejerusalemfilmfund.com/location_cat/hostels/
ok       42367ms MISS https://thejerusalemfilmfund.com/tag/hostels/
ok       21435ms MISS https://thejerusalemfilmfund.com/?lang=he#navigation
ok       11332ms MISS https://thejerusalemfilmfund.com/?lang=he#home_articles_section
error        0ms MISS https://thejerusalemfilmfund.com/location_cat/parks/
ok        8964ms MISS https://thejerusalemfilmfund.com/?lang=he#footer
ok        9962ms MISS https://thejerusalemfilmfund.com/?lang=he#home_small_carousel_section
ok       10031ms MISS https://thejerusalemfilmfund.com/?lang=he#home_main_slider_section
ok       10108ms MISS https://thejerusalemfilmfund.com/%D7%94%D7%A4%D7%A7%D7%95%D7%AA-%D7%91%D7%99%D7%A8%D7%95%D7%A9%D7%9C%D7%99%D7%9D/why-jerusalem/?lang=he
ok       12558ms MISS https://thejerusalemfilmfund.com/?lang=he#home_menu_boxes_section
ok        9271ms MISS https://thejerusalemfilmfund.com/%D7%A0%D7%A0%D7%A0%D7%A0/?lang=he
ok       13808ms MISS https://thejerusalemfilmfund.com/film/?lang=he
ok       18969ms MISS https://thejerusalemfilmfund.com/?lang=he&post_type=location
ok       13567ms MISS https://thejerusalemfilmfund.com/applications/large-budget-international-productions-2/#navigation
ok       14677ms MISS https://thejerusalemfilmfund.com/%D7%9E%D7%A4%D7%94/?lang=he
ok       13501ms MISS https://thejerusalemfilmfund.com/applications/large-budget-international-productions-2/#slider_wrapper
ok       17722ms MISS https://thejerusalemfilmfund.com/%d7%a1%d7%93%d7%a0%d7%94-%d7%9c%d7%99%d7%a6%d7%99%d7%a8%d7%94-%d7%a0%d7%a8%d7%98%d7%99%d7%91%d7%99%d7%aa-%d7%91%d7%9b%d7%9c%d7%99-%d7%91%d7%99%d7%a0%d7%94-%d7%9e%d7%9c%d7%90%d7%9b%d7%95%d7%aa%d7%99-2/?lang=he
ok       17436ms MISS https://thejerusalemfilmfund.com/applications/large-budget-international-productions-2/#page_content
ok       15133ms MISS https://thejerusalemfilmfund.com/applications/large-budget-international-productions-2/#footer
ok       16264ms MISS https://thejerusalemfilmfund.com/tag/panoramic-view/
ok       15546ms MISS https://thejerusalemfilmfund.com/applications/international-animation-productions/#navigation
ok       15586ms MISS https://thejerusalemfilmfund.com/applications/international-animation-productions/#slider_wrapper
ok       15376ms MISS https://thejerusalemfilmfund.com/applications/international-animation-productions/#page_content
ok        7877ms MISS https://thejerusalemfilmfund.com/film/%d7%94%d7%a0%d7%a4%d7%a9-%d7%94%d7%98%d7%95%d7%91%d7%94/#slider_wrapper
ok        3826ms MISS https://thejerusalemfilmfund.com/film/%d7%94%d7%a0%d7%a4%d7%a9-%d7%94%d7%98%d7%95%d7%91%d7%94/#footer
ok       10307ms MISS https://thejerusalemfilmfund.com/genre/drama/#navigation
ok        7573ms MISS https://thejerusalemfilmfund.com/film/%d7%94%d7%a0%d7%a4%d7%a9-%d7%94%d7%98%d7%95%d7%91%d7%94/#page_content
ok        8688ms MISS https://thejerusalemfilmfund.com/applications/large-budget-international-productions-2/
ok       18430ms MISS https://thejerusalemfilmfund.com/genre/drama/#footer
ok       19891ms MISS https://thejerusalemfilmfund.com/genre/comedy/
ok       19830ms MISS https://thejerusalemfilmfund.com/film/the-other-story/
ok       23216ms MISS https://thejerusalemfilmfund.com/film/%d7%94%d7%a0%d7%a4%d7%a9-%d7%94%d7%98%d7%95%d7%91%d7%94/#navigation
ok       14089ms MISS https://thejerusalemfilmfund.com/film/%d7%94%d7%91%d7%9c%d7%aa%d7%99-%d7%a8%d7%a9%d7%9e%d7%99%d7%99%d7%9d/
ok       19974ms MISS https://thejerusalemfilmfund.com/film/yolo/
ok       13932ms MISS https://thejerusalemfilmfund.com/applications/international-animation-productions/#footer
ok       24425ms MISS https://thejerusalemfilmfund.com/film/the-testament/
ok       24387ms MISS https://thejerusalemfilmfund.com/film/maktub/
ok       20487ms MISS https://thejerusalemfilmfund.com/film/%d7%94%d7%90%d7%95%d7%a4%d7%94-%d7%9e%d7%91%d7%a8%d7%9c%d7%99%d7%9f/
ok       29302ms MISS https://thejerusalemfilmfund.com/film/norman/
ok       32741ms MISS https://thejerusalemfilmfund.com/film/honeymood/
ok       39290ms MISS https://thejerusalemfilmfund.com/film/%d7%94%d7%97%d7%98%d7%90%d7%99%d7%9d/
ok       27081ms MISS https://thejerusalemfilmfund.com/genre/action/
ok        4513ms MISS https://thejerusalemfilmfund.com/film/%d7%9e%d7%a2%d7%91%d7%a8-%d7%9c%d7%94%d7%a8%d7%99%d7%9d-%d7%95%d7%94%d7%92%d7%91%d7%a2%d7%95%d7%aa/
ok       11166ms MISS https://thejerusalemfilmfund.com/film/3992/
ok       16848ms MISS https://thejerusalemfilmfund.com/film/saving-neta/
ok       15303ms MISS https://thejerusalemfilmfund.com/film/%d7%94%d7%a8%d7%9e%d7%95%d7%a0%d7%99%d7%94/
ok       20474ms MISS https://thejerusalemfilmfund.com/film/%d7%9c%d7%91-%d7%a9%d7%a7%d7%98-%d7%9e%d7%90%d7%95%d7%93/
ok       23513ms MISS https://thejerusalemfilmfund.com/film/%d7%97%d7%93%d7%a8%d7%99-%d7%94%d7%91%d7%99%d7%aa/
ok       27820ms MISS https://thejerusalemfilmfund.com/film/laces/
ok       31084ms MISS https://thejerusalemfilmfund.com/film/%d7%90%d7%9e%d7%90%d7%9c/
ok       37128ms MISS https://thejerusalemfilmfund.com/film/%d7%a1%d7%99%d7%a4%d7%95%d7%a8-%d7%a2%d7%9c-%d7%90%d7%94%d7%91%d7%94-%d7%95%d7%97%d7%95%d7%a9%d7%9a/
ok       32585ms MISS https://thejerusalemfilmfund.com/film/fever-at-dawn/
ok       37159ms MISS https://thejerusalemfilmfund.com/film/%d7%aa%d7%99%d7%a7%d7%95%d7%9f/
ok       31790ms MISS https://thejerusalemfilmfund.com/film/%d7%94%d7%9e%d7%99%d7%9c%d7%99%d7%9d-%d7%94%d7%98%d7%95%d7%91%d7%95%d7%aa/
ok       42194ms MISS https://thejerusalemfilmfund.com/film/%d7%94%d7%a6%d7%95%d7%a8%d7%a3/
ok       35853ms MISS https://thejerusalemfilmfund.com/film/%d7%91%d7%95%d7%a8%d7%92/
ok       30287ms MISS https://thejerusalemfilmfund.com/film/%d7%a2%d7%a8%d7%91%d7%99%d7%9d-%d7%a8%d7%95%d7%a7%d7%93%d7%99%d7%9d/
ok       24689ms MISS https://thejerusalemfilmfund.com/film/%d7%a0%d7%93%d7%99%d7%94-%d7%a9%d7%9d-%d7%96%d7%9e%d7%a0%d7%99/
ok        8686ms MISS https://thejerusalemfilmfund.com/film/%d7%99%d7%95%d7%a0%d7%94/
ok        4120ms MISS https://thejerusalemfilmfund.com/film/%d7%a7%d7%90%d7%a4%d7%95-%d7%91%d7%99%d7%a8%d7%95%d7%a9%d7%9c%d7%99%d7%9d/
ok        4291ms MISS https://thejerusalemfilmfund.com/film/%d7%9e%d7%a7%d7%95%d7%9d-%d7%91%d7%92%d7%9f-%d7%a2%d7%93%d7%9f/
ok        4095ms MISS https://thejerusalemfilmfund.com/film/%d7%91%d7%99%d7%aa-%d7%9c%d7%97%d7%9d/
ok        6183ms MISS https://thejerusalemfilmfund.com/film/%d7%91%d7%a0%d7%99-%d7%a2%d7%a8%d7%95%d7%91%d7%94/
ok        7346ms MISS https://thejerusalemfilmfund.com/film/%d7%94%d7%9e%d7%a1%d7%a2-%d7%a9%d7%9c-%d7%97%d7%a0%d7%94/
ok        8387ms MISS https://thejerusalemfilmfund.com/film/%d7%94%d7%a2%d7%a8%d7%aa-%d7%a9%d7%95%d7%9c%d7%99%d7%99%d7%9d/
ok        8384ms MISS https://thejerusalemfilmfund.com/film/%d7%a1%d7%95%d7%9b%d7%a8%d7%99%d7%95%d7%aa/
ok        8737ms MISS https://thejerusalemfilmfund.com/film/%d7%99%d7%9c%d7%93%d7%99-%d7%a8%d7%90%d7%a9-%d7%94%d7%9e%d7%9e%d7%a9%d7%9c%d7%94/
error        0ms MISS https://thejerusalemfilmfund.com/film/%d7%94%d7%94%d7%a8/
ok        4078ms MISS https://thejerusalemfilmfund.com/film/%d7%a4%d7%9c%d7%a1%d7%98%d7%9c%d7%99%d7%a0%d7%94/
ok        4082ms MISS https://thejerusalemfilmfund.com/film/%d7%90%d7%95%d7%a8%d7%97%d7%99%d7%9d-%d7%9c%d7%a8%d7%92%d7%a2/
ok        4087ms MISS https://thejerusalemfilmfund.com/film/%d7%94%d7%aa%d7%a4%d7%95%d7%a8%d7%a8%d7%95%d7%aa/
ok        4520ms MISS https://thejerusalemfilmfund.com/film/581-2/
ok        7948ms MISS https://thejerusalemfilmfund.com/film/%d7%97%d7%a0%d7%94-%d7%90%d7%a8%d7%a0%d7%93%d7%98/
ok        8209ms MISS https://thejerusalemfilmfund.com/film/%d7%a9%d7%9c%d7%99%d7%97%d7%95%d7%aa%d7%95-%d7%a9%d7%9c-%d7%94%d7%9e%d7%9e%d7%95%d7%a0%d7%94-%d7%a2%d7%9c-%d7%9e%d7%a9%d7%90%d7%91%d7%99-%d7%90%d7%a0%d7%a9%d7%95-2/
ok        4167ms MISS https://thejerusalemfilmfund.com/film/%d7%94%d7%a9%d7%aa%d7%99%d7%a7%d7%94/#slider_wrapper
ok        4394ms MISS https://thejerusalemfilmfund.com/film/%d7%94%d7%a9%d7%aa%d7%99%d7%a7%d7%94/#page_content
ok        4103ms MISS https://thejerusalemfilmfund.com/film/%d7%94%d7%a9%d7%aa%d7%99%d7%a7%d7%94/#footer
ok        5883ms MISS https://thejerusalemfilmfund.com/film/%d7%94%d7%a9%d7%aa%d7%99%d7%a7%d7%94/#navigation
ok        7931ms MISS https://thejerusalemfilmfund.com/film/%d7%90%d7%a8%d7%9e%d7%95%d7%9f-%d7%94%d7%97%d7%95%d7%9c/#navigation
ok        9069ms MISS https://thejerusalemfilmfund.com/film/%d7%a1%d7%a8%d7%95%d7%92%d7%99%d7%9d/
ok       11693ms MISS https://thejerusalemfilmfund.com/film/%d7%90%d7%a8%d7%9e%d7%95%d7%9f-%d7%94%d7%97%d7%95%d7%9c/#slider_wrapper
ok        7704ms MISS https://thejerusalemfilmfund.com/film/%d7%90%d7%a8%d7%9e%d7%95%d7%9f-%d7%94%d7%97%d7%95%d7%9c/#footer
ok        9715ms MISS https://thejerusalemfilmfund.com/genre/%d7%90%d7%a0%d7%99%d7%9e%d7%a6%d7%99%d7%94-2/#footer
ok        4859ms MISS https://thejerusalemfilmfund.com/film/where-is-anne-frank/#navigation
ok       14039ms MISS https://thejerusalemfilmfund.com/genre/%d7%90%d7%a0%d7%99%d7%9e%d7%a6%d7%99%d7%94-2/#navigation
ok        4677ms MISS https://thejerusalemfilmfund.com/film/where-is-anne-frank/#page_content
ok        4590ms MISS https://thejerusalemfilmfund.com/film/where-is-anne-frank/#slider_wrapper
ok        9523ms MISS https://thejerusalemfilmfund.com/genre/feature-films/
ok       10768ms MISS https://thejerusalemfilmfund.com/genre/animation/#navigation
ok       11768ms MISS https://thejerusalemfilmfund.com/genre/animation/#footer
ok       24620ms MISS https://thejerusalemfilmfund.com/film/%d7%a1%d7%95%d7%a3-%d7%94%d7%93%d7%a8%d7%9a/
ok       23733ms MISS https://thejerusalemfilmfund.com/film/%d7%a4%d7%9c%d7%90%d7%95%d7%aa/
ok       24235ms MISS https://thejerusalemfilmfund.com/film/where-is-anne-frank/#footer
ok        8055ms MISS https://thejerusalemfilmfund.com/film/%d7%94%d7%a9%d7%95%d7%98%d7%a8/
ok        4322ms MISS https://thejerusalemfilmfund.com/film/%d7%90%d7%91%d7%95%d7%9c%d7%9c%d7%94/
ok       10085ms MISS https://thejerusalemfilmfund.com/film/%d7%94%d7%9e%d7%9c%d7%9a-%d7%a9%d7%9c%d7%9e%d7%94/
ok       18897ms MISS https://thejerusalemfilmfund.com/genre/advanture/
ok        9453ms MISS https://thejerusalemfilmfund.com/film/legend-of-destruction/#navigation
ok        9410ms MISS https://thejerusalemfilmfund.com/film/%d7%9e%d7%a2%d7%9c%d7%94-%d7%a7%d7%a8%d7%97%d7%95%d7%aa/
ok       13403ms MISS https://thejerusalemfilmfund.com/film/legend-of-destruction/#slider_wrapper
ok       15225ms MISS https://thejerusalemfilmfund.com/film/%d7%90%d7%a8%d7%9e%d7%95%d7%9f-%d7%94%d7%97%d7%95%d7%9c/#page_content
ok       14191ms MISS https://thejerusalemfilmfund.com/film/star-darlings/
ok       12370ms MISS https://thejerusalemfilmfund.com/film/the-holy-city/#navigation
ok       18771ms MISS https://thejerusalemfilmfund.com/film/legend-of-destruction/#page_content
ok       24504ms MISS https://thejerusalemfilmfund.com/film/the-holy-city/#slider_wrapper
ok       25492ms MISS https://thejerusalemfilmfund.com/film/the-holy-city/#page_content
ok       16138ms MISS https://thejerusalemfilmfund.com/film/barbie-dreamtopia/
ok        4807ms MISS https://thejerusalemfilmfund.com/film/muppet-babies/#navigation
ok        4379ms MISS https://thejerusalemfilmfund.com/film/muppet-babies/#slider_wrapper
ok        4007ms MISS https://thejerusalemfilmfund.com/film/muppet-babies/#page_content
ok        4013ms MISS https://thejerusalemfilmfund.com/film/muppet-babies/#footer
ok        9505ms MISS https://thejerusalemfilmfund.com/film/once-upon-a-sea/#navigation
ok       11739ms MISS https://thejerusalemfilmfund.com/genre/vrar/#navigation
ok       26913ms MISS https://thejerusalemfilmfund.com/genre/vrar/#footer
ok       34053ms MISS https://thejerusalemfilmfund.com/film/legend-of-destruction/#footer
ok       43415ms MISS https://thejerusalemfilmfund.com/film/once-upon-a-sea/#page_content
ok       14422ms MISS https://thejerusalemfilmfund.com/film/yaturu-experience/#navigation
ok       19050ms MISS https://thejerusalemfilmfund.com/film/once-upon-a-sea/#footer
ok        4671ms MISS https://thejerusalemfilmfund.com/film/yaturu-experience/#footer
ok        8197ms MISS https://thejerusalemfilmfund.com/film/yaturu-experience/#slider_wrapper
ok        8634ms MISS https://thejerusalemfilmfund.com/film/asia/#navigation
ok        9078ms MISS https://thejerusalemfilmfund.com/film/asia/#slider_wrapper
ok        9478ms MISS https://thejerusalemfilmfund.com/film/asia/#page_content
error        0ms MISS https://thejerusalemfilmfund.com/film/the-holy-city/#footer
ok        9604ms MISS https://thejerusalemfilmfund.com/film/asia/#footer
ok       15909ms MISS https://thejerusalemfilmfund.com/film/once-upon-a-sea/#slider_wrapper
ok       23119ms MISS https://thejerusalemfilmfund.com/film/%d7%94%d7%a4%d7%9c%d7%a0%d7%98%d7%95%d7%a0%d7%99%d7%9d/#navigation
ok       15148ms MISS https://thejerusalemfilmfund.com/film/yaturu-experience/#page_content
ok       23703ms MISS https://thejerusalemfilmfund.com/film/%d7%94%d7%a4%d7%9c%d7%a0%d7%98%d7%95%d7%a0%d7%99%d7%9d/#footer
ok       28683ms MISS https://thejerusalemfilmfund.com/film/%d7%94%d7%a4%d7%9c%d7%a0%d7%98%d7%95%d7%a0%d7%99%d7%9d/#slider_wrapper
ok       29279ms MISS https://thejerusalemfilmfund.com/film/the-sand-castle/#navigation
ok       28603ms MISS https://thejerusalemfilmfund.com/film/the-sand-castle/#slider_wrapper
ok       10098ms MISS https://thejerusalemfilmfund.com/vod/your-next-film-in-jerusalem-2019/#navigation
ok       12482ms MISS https://thejerusalemfilmfund.com/vod/your-next-film-in-jerusalem-2019/#slider_wrapper
ok       12484ms MISS https://thejerusalemfilmfund.com/vod/your-next-film-in-jerusalem-2019/#page_content
ok       16295ms MISS https://thejerusalemfilmfund.com/film/the-sand-castle/#footer
ok        3954ms MISS https://thejerusalemfilmfund.com/investment-procedure-for-cgi-computer-generated-imagery-and-animation-productions-at-studios-located-in-jerusalem/#slider_wrapper
ok        4669ms MISS https://thejerusalemfilmfund.com/film/the-sand-castle/#page_content
ok        8078ms MISS https://thejerusalemfilmfund.com/investment-procedure-for-cgi-computer-generated-imagery-and-animation-productions-at-studios-located-in-jerusalem/#page_content
ok       13664ms MISS https://thejerusalemfilmfund.com/vod/your-next-film-in-jerusalem-2019/#footer
ok        4309ms MISS https://thejerusalemfilmfund.com/investment-procedure-for-cgi-computer-generated-imagery-and-animation-productions-at-studios-located-in-jerusalem/#footer
ok        4516ms MISS https://thejerusalemfilmfund.com/investment-procedure-for-cgi-computer-generated-imagery-and-animation-productions-at-studios-located-in-jerusalem/#navigation
ok        8802ms MISS https://thejerusalemfilmfund.com/film/%d7%94%d7%a4%d7%9c%d7%a0%d7%98%d7%95%d7%a0%d7%99%d7%9d/#page_content
ok        9917ms MISS https://thejerusalemfilmfund.com/film/%d7%94%d7%94%d7%a8/
ok       12614ms MISS https://thejerusalemfilmfund.com/film/the-holy-city/#footer
ok       23207ms MISS https://thejerusalemfilmfund.com/location_cat/farms/
ok        4248ms MISS https://thejerusalemfilmfund.com/new-submission-dates-for-projects-in-the-field-of-cgi-computer-generated-imagery-and-animation/#footer
ok       32973ms MISS https://thejerusalemfilmfund.com/location_cat/parks/
